Archive member included to satisfy reference by file (symbol)

c:/st/stm32cubeide_1.12.0/stm32cubeide/plugins/com.st.stm32cube.ide.mcu.externaltools.gnu-tools-for-stm32.10.3-2021.10.win32_1.0.200.202301161003/tools/bin/../lib/gcc/arm-none-eabi/10.3.1/../../../../arm-none-eabi/lib/thumb/v7e-m+fp/hard\libc_nano.a(lib_a-errno.o)
                              ./Core/Src/syscalls.o (__errno)
c:/st/stm32cubeide_1.12.0/stm32cubeide/plugins/com.st.stm32cube.ide.mcu.externaltools.gnu-tools-for-stm32.10.3-2021.10.win32_1.0.200.202301161003/tools/bin/../lib/gcc/arm-none-eabi/10.3.1/../../../../arm-none-eabi/lib/thumb/v7e-m+fp/hard\libc_nano.a(lib_a-exit.o)
                              c:/st/stm32cubeide_1.12.0/stm32cubeide/plugins/com.st.stm32cube.ide.mcu.externaltools.gnu-tools-for-stm32.10.3-2021.10.win32_1.0.200.202301161003/tools/bin/../lib/gcc/arm-none-eabi/10.3.1/../../../../arm-none-eabi/lib/thumb/v7e-m+fp/hard/crt0.o (exit)
c:/st/stm32cubeide_1.12.0/stm32cubeide/plugins/com.st.stm32cube.ide.mcu.externaltools.gnu-tools-for-stm32.10.3-2021.10.win32_1.0.200.202301161003/tools/bin/../lib/gcc/arm-none-eabi/10.3.1/../../../../arm-none-eabi/lib/thumb/v7e-m+fp/hard\libc_nano.a(lib_a-impure.o)
                              c:/st/stm32cubeide_1.12.0/stm32cubeide/plugins/com.st.stm32cube.ide.mcu.externaltools.gnu-tools-for-stm32.10.3-2021.10.win32_1.0.200.202301161003/tools/bin/../lib/gcc/arm-none-eabi/10.3.1/../../../../arm-none-eabi/lib/thumb/v7e-m+fp/hard\libc_nano.a(lib_a-exit.o) (_global_impure_ptr)
c:/st/stm32cubeide_1.12.0/stm32cubeide/plugins/com.st.stm32cube.ide.mcu.externaltools.gnu-tools-for-stm32.10.3-2021.10.win32_1.0.200.202301161003/tools/bin/../lib/gcc/arm-none-eabi/10.3.1/../../../../arm-none-eabi/lib/thumb/v7e-m+fp/hard\libc_nano.a(lib_a-init.o)
                              c:/st/stm32cubeide_1.12.0/stm32cubeide/plugins/com.st.stm32cube.ide.mcu.externaltools.gnu-tools-for-stm32.10.3-2021.10.win32_1.0.200.202301161003/tools/bin/../lib/gcc/arm-none-eabi/10.3.1/../../../../arm-none-eabi/lib/thumb/v7e-m+fp/hard/crt0.o (__libc_init_array)
c:/st/stm32cubeide_1.12.0/stm32cubeide/plugins/com.st.stm32cube.ide.mcu.externaltools.gnu-tools-for-stm32.10.3-2021.10.win32_1.0.200.202301161003/tools/bin/../lib/gcc/arm-none-eabi/10.3.1/../../../../arm-none-eabi/lib/thumb/v7e-m+fp/hard\libc_nano.a(lib_a-memcpy-stub.o)
                              ./Core/Src/disp1color.o (memcpy)
c:/st/stm32cubeide_1.12.0/stm32cubeide/plugins/com.st.stm32cube.ide.mcu.externaltools.gnu-tools-for-stm32.10.3-2021.10.win32_1.0.200.202301161003/tools/bin/../lib/gcc/arm-none-eabi/10.3.1/../../../../arm-none-eabi/lib/thumb/v7e-m+fp/hard\libc_nano.a(lib_a-memset.o)
                              c:/st/stm32cubeide_1.12.0/stm32cubeide/plugins/com.st.stm32cube.ide.mcu.externaltools.gnu-tools-for-stm32.10.3-2021.10.win32_1.0.200.202301161003/tools/bin/../lib/gcc/arm-none-eabi/10.3.1/../../../../arm-none-eabi/lib/thumb/v7e-m+fp/hard/crt0.o (memset)
c:/st/stm32cubeide_1.12.0/stm32cubeide/plugins/com.st.stm32cube.ide.mcu.externaltools.gnu-tools-for-stm32.10.3-2021.10.win32_1.0.200.202301161003/tools/bin/../lib/gcc/arm-none-eabi/10.3.1/../../../../arm-none-eabi/lib/thumb/v7e-m+fp/hard\libc_nano.a(lib_a-printf.o)
                              ./Core/Src/disp1color.o (printf)
c:/st/stm32cubeide_1.12.0/stm32cubeide/plugins/com.st.stm32cube.ide.mcu.externaltools.gnu-tools-for-stm32.10.3-2021.10.win32_1.0.200.202301161003/tools/bin/../lib/gcc/arm-none-eabi/10.3.1/../../../../arm-none-eabi/lib/thumb/v7e-m+fp/hard\libc_nano.a(lib_a-strlen.o)
                              ./Core/Src/main.o (strlen)
c:/st/stm32cubeide_1.12.0/stm32cubeide/plugins/com.st.stm32cube.ide.mcu.externaltools.gnu-tools-for-stm32.10.3-2021.10.win32_1.0.200.202301161003/tools/bin/../lib/gcc/arm-none-eabi/10.3.1/../../../../arm-none-eabi/lib/thumb/v7e-m+fp/hard\libc_nano.a(lib_a-vsnprintf.o)
                              ./Core/Src/disp1color.o (vsnprintf)
c:/st/stm32cubeide_1.12.0/stm32cubeide/plugins/com.st.stm32cube.ide.mcu.externaltools.gnu-tools-for-stm32.10.3-2021.10.win32_1.0.200.202301161003/tools/bin/../lib/gcc/arm-none-eabi/10.3.1/../../../../arm-none-eabi/lib/thumb/v7e-m+fp/hard\libc_nano.a(lib_a-findfp.o)
                              c:/st/stm32cubeide_1.12.0/stm32cubeide/plugins/com.st.stm32cube.ide.mcu.externaltools.gnu-tools-for-stm32.10.3-2021.10.win32_1.0.200.202301161003/tools/bin/../lib/gcc/arm-none-eabi/10.3.1/../../../../arm-none-eabi/lib/thumb/v7e-m+fp/hard\libc_nano.a(lib_a-printf.o) (__sinit)
c:/st/stm32cubeide_1.12.0/stm32cubeide/plugins/com.st.stm32cube.ide.mcu.externaltools.gnu-tools-for-stm32.10.3-2021.10.win32_1.0.200.202301161003/tools/bin/../lib/gcc/arm-none-eabi/10.3.1/../../../../arm-none-eabi/lib/thumb/v7e-m+fp/hard\libc_nano.a(lib_a-fwalk.o)
[...]
Memory Configuration

Name             Origin             Length             Attributes
RAM              0x0000000020000000 0x0000000000020000 xrw
FLASH            0x0000000008000000 0x0000000000080000 xr
*default*        0x0000000000000000 0xffffffffffffffff

Linker script and memory map

LOAD c:/st/stm32cubeide_1.12.0/stm32cubeide/plugins/com.st.stm32cube.ide.mcu.externaltools.gnu-tools-for-stm32.10.3-2021.10.win32_1.0.200.202301161003/tools/bin/../lib/gcc/arm-none-eabi/10.3.1/thumb/v7e-m+fp/hard/crti.o
LOAD c:/st/stm32cubeide_1.12.0/stm32cubeide/plugins/com.st.stm32cube.ide.mcu.externaltools.gnu-tools-for-stm32.10.3-2021.10.win32_1.0.200.202301161003/tools/bin/../lib/gcc/arm-none-eabi/10.3.1/thumb/v7e-m+fp/hard/crtbegin.o
LOAD c:/st/stm32cubeide_1.12.0/stm32cubeide/plugins/com.st.stm32cube.ide.mcu.externaltools.gnu-tools-for-stm32.10.3-2021.10.win32_1.0.200.202301161003/tools/bin/../lib/gcc/arm-none-eabi/10.3.1/../../../../arm-none-eabi/lib/thumb/v7e-m+fp/hard/crt0.o
LOAD ./Core/Src/disp1color.o
LOAD ./Core/Src/dwt_stm32_delay.o
LOAD ./Core/Src/f10x16f.o
LOAD ./Core/Src/f6x8m.o
LOAD ./Core/Src/font.o
LOAD ./Core/Src/gpio.o
LOAD ./Core/Src/main.o
LOAD ./Core/Src/spi.o
LOAD ./Core/Src/stm32f4xx_hal_msp.o
LOAD ./Core/Src/stm32f4xx_it.o
LOAD ./Core/Src/syscalls.o
LOAD ./Core/Src/sysmem.o
LOAD ./Core/Src/system_stm32f4xx.o
LOAD ./Core/Src/tim.o
LOAD ./Core/Startup/startup_stm32f411vetx.o
LOAD ./Drivers/STM32F4xx_HAL_Driver/Src/stm32f4xx_hal.o
LOAD ./Drivers/STM32F4xx_HAL_Driver/Src/stm32f4xx_hal_cortex.o
LOAD ./Drivers/STM32F4xx_HAL_Driver/Src/stm32f4xx_hal_dma.o
LOAD ./Drivers/STM32F4xx_HAL_Driver/Src/stm32f4xx_hal_dma_ex.o
LOAD ./Drivers/STM32F4xx_HAL_Driver/Src/stm32f4xx_hal_exti.o
LOAD ./Drivers/STM32F4xx_HAL_Driver/Src/stm32f4xx_hal_flash.o
LOAD ./Drivers/STM32F4xx_HAL_Driver/Src/stm32f4xx_hal_flash_ex.o
LOAD ./Drivers/STM32F4xx_HAL_Driver/Src/stm32f4xx_hal_flash_ramfunc.o
LOAD ./Drivers/STM32F4xx_HAL_Driver/Src/stm32f4xx_hal_gpio.o
LOAD ./Drivers/STM32F4xx_HAL_Driver/Src/stm32f4xx_hal_pwr.o
LOAD ./Drivers/STM32F4xx_HAL_Driver/Src/stm32f4xx_hal_pwr_ex.o
LOAD ./Drivers/STM32F4xx_HAL_Driver/Src/stm32f4xx_hal_rcc.o
LOAD ./Drivers/STM32F4xx_HAL_Driver/Src/stm32f4xx_hal_rcc_ex.o
LOAD ./Drivers/STM32F4xx_HAL_Driver/Src/stm32f4xx_hal_spi.o
LOAD ./Drivers/STM32F4xx_HAL_Driver/Src/stm32f4xx_hal_tim.o
LOAD ./Drivers/STM32F4xx_HAL_Driver/Src/stm32f4xx_hal_tim_ex.o
START GROUP
LOAD c:/st/stm32cubeide_1.12.0/stm32cubeide/plugins/com.st.stm32cube.ide.mcu.externaltools.gnu-tools-for-stm32.10.3-2021.10.win32_1.0.200.202301161003/tools/bin/../lib/gcc/arm-none-eabi/10.3.1/../../../../arm-none-eabi/lib/thumb/v7e-m+fp/hard\libc_nano.a
LOAD c:/st/stm32cubeide_1.12.0/stm32cubeide/plugins/com.st.stm32cube.ide.mcu.externaltools.gnu-tools-for-stm32.10.3-2021.10.win32_1.0.200.202301161003/tools/bin/../lib/gcc/arm-none-eabi/10.3.1/../../../../arm-none-eabi/lib/thumb/v7e-m+fp/hard\libm.a
END GROUP
START GROUP
LOAD c:/st/stm32cubeide_1.12.0/stm32cubeide/plugins/com.st.stm32cube.ide.mcu.externaltools.gnu-tools-for-stm32.10.3-2021.10.win32_1.0.200.202301161003/tools/bin/../lib/gcc/arm-none-eabi/10.3.1/thumb/v7e-m+fp/hard\libgcc.a
LOAD c:/st/stm32cubeide_1.12.0/stm32cubeide/plugins/com.st.stm32cube.ide.mcu.externaltools.gnu-tools-for-stm32.10.3-2021.10.win32_1.0.200.202301161003/tools/bin/../lib/gcc/arm-none-eabi/10.3.1/../../../../arm-none-eabi/lib/thumb/v7e-m+fp/hard\libc_nano.a
END GROUP
START GROUP
LOAD c:/st/stm32cubeide_1.12.0/stm32cubeide/plugins/com.st.stm32cube.ide.mcu.externaltools.gnu-tools-for-stm32.10.3-2021.10.win32_1.0.200.202301161003/tools/bin/../lib/gcc/arm-none-eabi/10.3.1/thumb/v7e-m+fp/hard\libgcc.a
LOAD c:/st/stm32cubeide_1.12.0/stm32cubeide/plugins/com.st.stm32cube.ide.mcu.externaltools.gnu-tools-for-stm32.10.3-2021.10.win32_1.0.200.202301161003/tools/bin/../lib/gcc/arm-none-eabi/10.3.1/../../../../arm-none-eabi/lib/thumb/v7e-m+fp/hard\libc_nano.a
LOAD c:/st/stm32cubeide_1.12.0/stm32cubeide/plugins/com.st.stm32cube.ide.mcu.externaltools.gnu-tools-for-stm32.10.3-2021.10.win32_1.0.200.202301161003/tools/bin/../lib/gcc/arm-none-eabi/10.3.1/../../../../arm-none-eabi/lib/thumb/v7e-m+fp/hard\libnosys.a
END GROUP
START GROUP
LOAD c:/st/stm32cubeide_1.12.0/stm32cubeide/plugins/com.st.stm32cube.ide.mcu.externaltools.gnu-tools-for-stm32.10.3-2021.10.win32_1.0.200.202301161003/tools/bin/../lib/gcc/arm-none-eabi/10.3.1/thumb/v7e-m+fp/hard\libgcc.a
LOAD c:/st/stm32cubeide_1.12.0/stm32cubeide/plugins/com.st.stm32cube.ide.mcu.externaltools.gnu-tools-for-stm32.10.3-2021.10.win32_1.0.200.202301161003/tools/bin/../lib/gcc/arm-none-eabi/10.3.1/../../../../arm-none-eabi/lib/thumb/v7e-m+fp/hard\libc_nano.a
LOAD c:/st/stm32cubeide_1.12.0/stm32cubeide/plugins/com.st.stm32cube.ide.mcu.externaltools.gnu-tools-for-stm32.10.3-2021.10.win32_1.0.200.202301161003/tools/bin/../lib/gcc/arm-none-eabi/10.3.1/../../../../arm-none-eabi/lib/thumb/v7e-m+fp/hard\libnosys.a
END GROUP
LOAD c:/st/stm32cubeide_1.12.0/stm32cubeide/plugins/com.st.stm32cube.ide.mcu.externaltools.gnu-tools-for-stm32.10.3-2021.10.win32_1.0.200.202301161003/tools/bin/../lib/gcc/arm-none-eabi/10.3.1/thumb/v7e-m+fp/hard/crtend.o
LOAD c:/st/stm32cubeide_1.12.0/stm32cubeide/plugins/com.st.stm32cube.ide.mcu.externaltools.gnu-tools-for-stm32.10.3-2021.10.win32_1.0.200.202301161003/tools/bin/../lib/gcc/arm-none-eabi/10.3.1/thumb/v7e-m+fp/hard/crtn.o
                0x0000000020020000                _estack = (ORIGIN (RAM) + LENGTH (RAM))
                0x0000000000000200                _Min_Heap_Size = 0x200
                0x0000000000000400                _Min_Stack_Size = 0x400

.isr_vector     0x0000000008000000      0x198
                0x0000000008000000                . = ALIGN (0x4)
 *(.isr_vector)
 .isr_vector    0x0000000008000000      0x198 ./Core/Startup/startup_stm32f411vetx.o
                0x0000000008000000                g_pfnVectors
                0x0000000008000198                . = ALIGN (0x4)

.text           0x00000000080001a0     0x4804
                0x00000000080001a0                . = ALIGN (0x4)
 *(.text)
 .text          0x00000000080001a0       0x40 c:/st/stm32cubeide_1.12.0/stm32cubeide/plugins/com.st.stm32cube.ide.mcu.externaltools.gnu-tools-for-stm32.10.3-2021.10.win32_1.0.200.202301161003/tools/bin/../lib/gcc/arm-none-eabi/10.3.1/thumb/v7e-m+fp/hard/crtbegin.o
 .text          0x00000000080001e0       0x10 c:/st/stm32cubeide_1.12.0/stm32cubeide/plugins/com.st.stm32cube.ide.mcu.externaltools.gnu-tools-for-stm32.10.3-2021.10.win32_1.0.200.202301161003/tools/bin/../lib/gcc/arm-none-eabi/10.3.1/../../../../arm-none-eabi/lib/thumb/v7e-m+fp/hard\libc_nano.a(lib_a-strlen.o)
                0x00000000080001e0                strlen
 .text          0x00000000080001f0       0xa0 c:/st/stm32cubeide_1.12.0/stm32cubeide/plugins/com.st.stm32cube.ide.mcu.externaltools.gnu-tools-for-stm32.10.3-2021.10.win32_1.0.200.202301161003/tools/bin/../lib/gcc/arm-none-eabi/10.3.1/../../../../arm-none-eabi/lib/thumb/v7e-m+fp/hard\libc_nano.a(lib_a-memchr.o)
                0x00000000080001f0                memchr
 .text          0x0000000008000290      0x378 c:/st/stm32cubeide_1.12.0/stm32cubeide/plugins/com.st.stm32cube.ide.mcu.externaltools.gnu-tools-for-stm32.10.3-2021.10.win32_1.0.200.202301161003/tools/bin/../lib/gcc/arm-none-eabi/10.3.1/thumb/v7e-m+fp/hard\libgcc.a(_arm_addsubdf3.o)
                0x0000000008000290                __aeabi_drsub
                0x0000000008000298                __aeabi_dsub
                0x0000000008000298                __subdf3
                0x000000000800029c                __aeabi_dadd
                0x000000000800029c                __adddf3
                0x0000000008000514                __floatunsidf
                0x0000000008000514                __aeabi_ui2d
                0x0000000008000534                __floatsidf
                0x0000000008000534                __aeabi_i2d
                0x0000000008000558                __aeabi_f2d
                0x0000000008000558                __extendsfdf2
                0x000000000800059c                __floatundidf
                0x000000000800059c                __aeabi_ul2d
                0x00000000080005ac                __floatdidf
                0x00000000080005ac                __aeabi_l2d
 .text          0x0000000008000608      0x424 c:/st/stm32cubeide_1.12.0/stm32cubeide/plugins/com.st.stm32cube.ide.mcu.externaltools.gnu-tools-for-stm32.10.3-2021.10.win32_1.0.200.202301161003/tools/bin/../lib/gcc/arm-none-eabi/10.3.1/thumb/v7e-m+fp/hard\libgcc.a(_arm_muldivdf3.o)
                0x0000000008000608                __aeabi_dmul
                0x0000000008000608                __muldf3
                0x000000000800085c                __divdf3
                0x000000000800085c                __aeabi_ddiv
 .text          0x0000000008000a2c       0x40 c:/st/stm32cubeide_1.12.0/stm32cubeide/plugins/com.st.stm32cube.ide.mcu.externaltools.gnu-tools-for-stm32.10.3-2021.10.win32_1.0.200.202301161003/tools/bin/../lib/gcc/arm-none-eabi/10.3.1/thumb/v7e-m+fp/hard\libgcc.a(_arm_fixunsdfsi.o)
                0x0000000008000a2c                __aeabi_d2uiz
                0x0000000008000a2c                __fixunsdfsi
 .text          0x0000000008000a6c       0xa0 c:/st/stm32cubeide_1.12.0/stm32cubeide/plugins/com.st.stm32cube.ide.mcu.externaltools.gnu-tools-for-stm32.10.3-2021.10.win32_1.0.200.202301161003/tools/bin/../lib/gcc/arm-none-eabi/10.3.1/thumb/v7e-m+fp/hard\libgcc.a(_arm_truncdfsf2.o)
                0x0000000008000a6c                __truncdfsf2
                0x0000000008000a6c                __aeabi_d2f
 .text          0x0000000008000b0c       0x30 c:/st/stm32cubeide_1.12.0/stm32cubeide/plugins/com.st.stm32cube.ide.mcu.externaltools.gnu-tools-for-stm32.10.3-2021.10.win32_1.0.200.202301161003/tools/bin/../lib/gcc/arm-none-eabi/10.3.1/thumb/v7e-m+fp/hard\libgcc.a(_aeabi_uldivmod.o)
                0x0000000008000b0c                __aeabi_uldivmod
 .text          0x0000000008000b3c      0x2d0 c:/st/stm32cubeide_1.12.0/stm32cubeide/plugins/com.st.stm32cube.ide.mcu.externaltools.gnu-tools-for-stm32.10.3-2021.10.win32_1.0.200.202301161003/tools/bin/../lib/gcc/arm-none-eabi/10.3.1/thumb/v7e-m+fp/hard\libgcc.a(_udivmoddi4.o)
                0x0000000008000b3c                __udivmoddi4
 .text          0x0000000008000e0c        0x4 c:/st/stm32cubeide_1.12.0/stm32cubeide/plugins/com.st.stm32cube.ide.mcu.externaltools.gnu-tools-for-stm32.10.3-2021.10.win32_1.0.200.202301161003/tools/bin/../lib/gcc/arm-none-eabi/10.3.1/thumb/v7e-m+fp/hard\libgcc.a(_dvmd_tls.o)
                0x0000000008000e0c                __aeabi_idiv0
                0x0000000008000e0c                __aeabi_ldiv0
 *(.text*)
 .text.disp1color_FillScreenbuff
                0x0000000008000e10       0x24 ./Core/Src/disp1color.o
                0x0000000008000e10                disp1color_FillScreenbuff
 .text.disp1color_UpdateFromBuff
                0x0000000008000e34       0x14 ./Core/Src/disp1color.o
                0x0000000008000e34                disp1color_UpdateFromBuff
 .text.disp1color_printf
                0x0000000008000e48       0x48 ./Core/Src/disp1color.o
                0x0000000008000e48                disp1color_printf
 .text.disp1color_DrawPixel
                0x0000000008000e90       0xbc ./Core/Src/disp1color.o
                0x0000000008000e90                disp1color_DrawPixel
 .text.disp1color_DrawLine
                0x0000000008000f4c      0x106 ./Core/Src/disp1color.o
                0x0000000008000f4c                disp1color_DrawLine
 .text.disp1color_DrawRectangle
                0x0000000008001052       0x76 ./Core/Src/disp1color.o
                0x0000000008001052                disp1color_DrawRectangle
 .text.disp1color_DrawChar
                0x00000000080010c8      0x16c ./Core/Src/disp1color.o
                0x00000000080010c8                disp1color_DrawChar
 .text.disp1color_DrawString
                0x0000000008001234       0xa2 ./Core/Src/disp1color.o
                0x0000000008001234                disp1color_DrawString
 .text.DMD_1COLOR_DisplayFullUpdate
                0x00000000080012d6       0x44 ./Core/Src/disp1color.o
                0x00000000080012d6                DMD_1COLOR_DisplayFullUpdate
 *fill*         0x000000000800131a        0x2 
 .text.DMD_1COLOR_UpdateRow4
                0x000000000800131c       0xd8 ./Core/Src/disp1color.o
                0x000000000800131c                DMD_1COLOR_UpdateRow4
 .text.DMD_1COLOR_SendFromMatrixBuff
                0x00000000080013f4       0xa8 ./Core/Src/disp1color.o
                0x00000000080013f4                DMD_1COLOR_SendFromMatrixBuff
 .text.DMD_1COLOR_GetFrom8ScreenBytes
                0x000000000800149c       0x52 ./Core/Src/disp1color.o
                0x000000000800149c                DMD_1COLOR_GetFrom8ScreenBytes
 *fill*         0x00000000080014ee        0x2 
 .text.prepare_data
                0x00000000080014f0       0xbc ./Core/Src/disp1color.o
                0x00000000080014f0                prepare_data
 .text.DWT_Delay_Init
                0x00000000080015ac       0x60 ./Core/Src/dwt_stm32_delay.o
                0x00000000080015ac                DWT_Delay_Init
 .text.f10x16f_GetCharTable
                0x000000000800160c       0x28 ./Core/Src/f10x16f.o
                0x000000000800160c                f10x16f_GetCharTable
 .text.f6x8m_GetCharTable
                0x0000000008001634       0x28 ./Core/Src/f6x8m.o
                0x0000000008001634                f6x8m_GetCharTable
 .text.font_GetFontStruct
                0x000000000800165c       0x2c ./Core/Src/font.o
                0x000000000800165c                font_GetFontStruct
 .text.font_GetCharWidth
                0x0000000008001688       0x18 ./Core/Src/font.o
                0x0000000008001688                font_GetCharWidth
 .text.font_GetCharHeight
                0x00000000080016a0       0x1e ./Core/Src/font.o
                0x00000000080016a0                font_GetCharHeight
 *fill*         0x00000000080016be        0x2 
 .text.MX_GPIO_Init
                0x00000000080016c0       0xe4 ./Core/Src/gpio.o
                0x00000000080016c0                MX_GPIO_Init
 .text.DWT_Delay_us
                0x00000000080017a4       0x48 ./Core/Src/main.o
 .text.disp_row
                0x00000000080017ec      0x184 ./Core/Src/main.o
                0x00000000080017ec                disp_row
 .text.Read_HCSR04
                0x0000000008001970       0x60 ./Core/Src/main.o
                0x0000000008001970                Read_HCSR04
 .text.main     0x00000000080019d0      0x544 ./Core/Src/main.o
                0x00000000080019d0                main
 .text.SystemClock_Config
                0x0000000008001f14       0xd0 ./Core/Src/main.o
                0x0000000008001f14                SystemClock_Config
 .text.Error_Handler
                0x0000000008001fe4        0xa ./Core/Src/main.o
                0x0000000008001fe4                Error_Handler
 *fill*         0x0000000008001fee        0x2 
 .text.MX_SPI1_Init
                0x0000000008001ff0       0x6c ./Core/Src/spi.o
                0x0000000008001ff0                MX_SPI1_Init
 .text.HAL_SPI_MspInit
                0x000000000800205c       0x90 ./Core/Src/spi.o
                0x000000000800205c                HAL_SPI_MspInit
 .text.HAL_MspInit
                0x00000000080020ec       0x50 ./Core/Src/stm32f4xx_hal_msp.o
                0x00000000080020ec                HAL_MspInit
 .text.NMI_Handler
                0x000000000800213c        0x6 ./Core/Src/stm32f4xx_it.o
                0x000000000800213c                NMI_Handler
 .text.HardFault_Handler
                0x0000000008002142        0x6 ./Core/Src/stm32f4xx_it.o
                0x0000000008002142                HardFault_Handler
 .text.MemManage_Handler
                0x0000000008002148        0x6 ./Core/Src/stm32f4xx_it.o
                0x0000000008002148                MemManage_Handler
 .text.BusFault_Handler
                0x000000000800214e        0x6 ./Core/Src/stm32f4xx_it.o
                0x000000000800214e                BusFault_Handler
 .text.UsageFault_Handler
                0x0000000008002154        0x6 ./Core/Src/stm32f4xx_it.o
                0x0000000008002154                UsageFault_Handler
 .text.SVC_Handler
                0x000000000800215a        0xe ./Core/Src/stm32f4xx_it.o
                0x000000000800215a                SVC_Handler
 .text.DebugMon_Handler
                0x0000000008002168        0xe ./Core/Src/stm32f4xx_it.o
                0x0000000008002168                DebugMon_Handler
 .text.PendSV_Handler
                0x0000000008002176        0xe ./Core/Src/stm32f4xx_it.o
                0x0000000008002176                PendSV_Handler
 .text.SysTick_Handler
                0x0000000008002184        0xc ./Core/Src/stm32f4xx_it.o
                0x0000000008002184                SysTick_Handler
 .text.TIM1_UP_TIM10_IRQHandler
                0x0000000008002190       0x1c ./Core/Src/stm32f4xx_it.o
                0x0000000008002190                TIM1_UP_TIM10_IRQHandler
 .text._sbrk    0x00000000080021ac       0x6c ./Core/Src/sysmem.o
                0x00000000080021ac                _sbrk
 .text.SystemInit
                0x0000000008002218       0x24 ./Core/Src/system_stm32f4xx.o
                0x0000000008002218                SystemInit
 .text.MX_TIM1_Init
                0x000000000800223c       0xa4 ./Core/Src/tim.o
                0x000000000800223c                MX_TIM1_Init
 .text.HAL_TIM_Base_MspInit
                0x00000000080022e0       0x50 ./Core/Src/tim.o
                0x00000000080022e0                HAL_TIM_Base_MspInit
 .text.Reset_Handler
                0x0000000008002330       0x50 ./Core/Startup/startup_stm32f411vetx.o
                0x0000000008002330                Reset_Handler
 .text.Default_Handler
                0x0000000008002380        0x2 ./Core/Startup/startup_stm32f411vetx.o
                0x0000000008002380                RTC_Alarm_IRQHandler
                0x0000000008002380                EXTI2_IRQHandler
                0x0000000008002380                SPI4_IRQHandler
                0x0000000008002380                TIM1_CC_IRQHandler
                0x0000000008002380                DMA2_Stream5_IRQHandler
                0x0000000008002380                DMA1_Stream5_IRQHandler
                0x0000000008002380                PVD_IRQHandler
                0x0000000008002380                SDIO_IRQHandler
                0x0000000008002380                TAMP_STAMP_IRQHandler
                0x0000000008002380                EXTI3_IRQHandler
                0x0000000008002380                I2C3_ER_IRQHandler
                0x0000000008002380                EXTI0_IRQHandler
                0x0000000008002380                I2C2_EV_IRQHandler
                0x0000000008002380                DMA1_Stream2_IRQHandler
                0x0000000008002380                FPU_IRQHandler
                0x0000000008002380                DMA2_Stream2_IRQHandler
                0x0000000008002380                SPI1_IRQHandler
                0x0000000008002380                TIM1_BRK_TIM9_IRQHandler
                0x0000000008002380                DMA2_Stream3_IRQHandler
                0x0000000008002380                USART6_IRQHandler
                0x0000000008002380                DMA2_Stream0_IRQHandler
                0x0000000008002380                TIM4_IRQHandler
                0x0000000008002380                I2C1_EV_IRQHandler
                0x0000000008002380                DMA1_Stream6_IRQHandler
                0x0000000008002380                DMA1_Stream1_IRQHandler
                0x0000000008002380                TIM3_IRQHandler
                0x0000000008002380                RCC_IRQHandler
                0x0000000008002380                Default_Handler
                0x0000000008002380                EXTI15_10_IRQHandler
                0x0000000008002380                ADC_IRQHandler
                0x0000000008002380                DMA1_Stream7_IRQHandler
                0x0000000008002380                SPI5_IRQHandler
                0x0000000008002380                TIM5_IRQHandler
                0x0000000008002380                DMA2_Stream7_IRQHandler
                0x0000000008002380                I2C3_EV_IRQHandler
                0x0000000008002380                EXTI9_5_IRQHandler
                0x0000000008002380                RTC_WKUP_IRQHandler
                0x0000000008002380                SPI2_IRQHandler
                0x0000000008002380                DMA1_Stream0_IRQHandler
                0x0000000008002380                EXTI4_IRQHandler
                0x0000000008002380                WWDG_IRQHandler
                0x0000000008002380                TIM2_IRQHandler
                0x0000000008002380                OTG_FS_WKUP_IRQHandler
                0x0000000008002380                TIM1_TRG_COM_TIM11_IRQHandler
                0x0000000008002380                EXTI1_IRQHandler
                0x0000000008002380                USART2_IRQHandler
                0x0000000008002380                I2C2_ER_IRQHandler
                0x0000000008002380                DMA2_Stream1_IRQHandler
                0x0000000008002380                FLASH_IRQHandler
                0x0000000008002380                DMA2_Stream4_IRQHandler
                0x0000000008002380                USART1_IRQHandler
                0x0000000008002380                OTG_FS_IRQHandler
                0x0000000008002380                SPI3_IRQHandler
                0x0000000008002380                DMA1_Stream4_IRQHandler
                0x0000000008002380                I2C1_ER_IRQHandler
                0x0000000008002380                DMA2_Stream6_IRQHandler
                0x0000000008002380                DMA1_Stream3_IRQHandler
 *fill*         0x0000000008002382        0x2 
 .text.HAL_Init
                0x0000000008002384       0x44 ./Drivers/STM32F4xx_HAL_Driver/Src/stm32f4xx_hal.o
                0x0000000008002384                HAL_Init
 .text.HAL_InitTick
                0x00000000080023c8       0x60 ./Drivers/STM32F4xx_HAL_Driver/Src/stm32f4xx_hal.o
                0x00000000080023c8                HAL_InitTick
 .text.HAL_IncTick
                0x0000000008002428       0x28 ./Drivers/STM32F4xx_HAL_Driver/Src/stm32f4xx_hal.o
                0x0000000008002428                HAL_IncTick
 .text.HAL_GetTick
                0x0000000008002450       0x18 ./Drivers/STM32F4xx_HAL_Driver/Src/stm32f4xx_hal.o
                0x0000000008002450                HAL_GetTick
 .text.__NVIC_SetPriorityGrouping
                0x0000000008002468       0x48 ./Drivers/STM32F4xx_HAL_Driver/Src/stm32f4xx_hal_cortex.o
 .text.__NVIC_GetPriorityGrouping
                0x00000000080024b0       0x1c ./Drivers/STM32F4xx_HAL_Driver/Src/stm32f4xx_hal_cortex.o
 .text.__NVIC_EnableIRQ
                0x00000000080024cc       0x3c ./Drivers/STM32F4xx_HAL_Driver/Src/stm32f4xx_hal_cortex.o
 .text.__NVIC_SetPriority
                0x0000000008002508       0x54 ./Drivers/STM32F4xx_HAL_Driver/Src/stm32f4xx_hal_cortex.o
 .text.NVIC_EncodePriority
                0x000000000800255c       0x66 ./Drivers/STM32F4xx_HAL_Driver/Src/stm32f4xx_hal_cortex.o
 *fill*         0x00000000080025c2        0x2 
 .text.SysTick_Config
                0x00000000080025c4       0x44 ./Drivers/STM32F4xx_HAL_Driver/Src/stm32f4xx_hal_cortex.o
 .text.HAL_NVIC_SetPriorityGrouping
                0x0000000008002608       0x16 ./Drivers/STM32F4xx_HAL_Driver/Src/stm32f4xx_hal_cortex.o
                0x0000000008002608                HAL_NVIC_SetPriorityGrouping
 .text.HAL_NVIC_SetPriority
                0x000000000800261e       0x38 ./Drivers/STM32F4xx_HAL_Driver/Src/stm32f4xx_hal_cortex.o
                0x000000000800261e                HAL_NVIC_SetPriority
 .text.HAL_NVIC_EnableIRQ
                0x0000000008002656       0x1c ./Drivers/STM32F4xx_HAL_Driver/Src/stm32f4xx_hal_cortex.o
                0x0000000008002656                HAL_NVIC_EnableIRQ
 .text.HAL_SYSTICK_Config
                0x0000000008002672       0x18 ./Drivers/STM32F4xx_HAL_Driver/Src/stm32f4xx_hal_cortex.o
                0x0000000008002672                HAL_SYSTICK_Config
 *fill*         0x000000000800268a        0x2 
 .text.HAL_GPIO_Init
                0x000000000800268c      0x308 ./Drivers/STM32F4xx_HAL_Driver/Src/stm32f4xx_hal_gpio.o
                0x000000000800268c                HAL_GPIO_Init
 .text.HAL_GPIO_ReadPin
                0x0000000008002994       0x30 ./Drivers/STM32F4xx_HAL_Driver/Src/stm32f4xx_hal_gpio.o
                0x0000000008002994                HAL_GPIO_ReadPin
 .text.HAL_GPIO_WritePin
                0x00000000080029c4       0x32 ./Drivers/STM32F4xx_HAL_Driver/Src/stm32f4xx_hal_gpio.o
                0x00000000080029c4                HAL_GPIO_WritePin
 *fill*         0x00000000080029f6        0x2 
 .text.HAL_RCC_OscConfig
                0x00000000080029f8      0x4f0 ./Drivers/STM32F4xx_HAL_Driver/Src/stm32f4xx_hal_rcc.o
                0x00000000080029f8                HAL_RCC_OscConfig
 .text.HAL_RCC_ClockConfig
                0x0000000008002ee8      0x1cc ./Drivers/STM32F4xx_HAL_Driver/Src/stm32f4xx_hal_rcc.o
                0x0000000008002ee8                HAL_RCC_ClockConfig
 .text.HAL_RCC_GetSysClockFreq
                0x00000000080030b4      0x18c ./Drivers/STM32F4xx_HAL_Driver/Src/stm32f4xx_hal_rcc.o
                0x00000000080030b4                HAL_RCC_GetSysClockFreq
 .text.HAL_RCC_GetHCLKFreq
                0x0000000008003240       0x18 ./Drivers/STM32F4xx_HAL_Driver/Src/stm32f4xx_hal_rcc.o
                0x0000000008003240                HAL_RCC_GetHCLKFreq
 .text.HAL_SPI_Init
                0x0000000008003258      0x112 ./Drivers/STM32F4xx_HAL_Driver/Src/stm32f4xx_hal_spi.o
                0x0000000008003258                HAL_SPI_Init
 .text.HAL_SPI_Transmit
                0x000000000800336a      0x278 ./Drivers/STM32F4xx_HAL_Driver/Src/stm32f4xx_hal_spi.o
                0x000000000800336a                HAL_SPI_Transmit
 *fill*         0x00000000080035e2        0x2 
 .text.SPI_WaitFlagStateUntilTimeout
                0x00000000080035e4      0x110 ./Drivers/STM32F4xx_HAL_Driver/Src/stm32f4xx_hal_spi.o
 .text.SPI_EndRxTxTransaction
                0x00000000080036f4       0x84 ./Drivers/STM32F4xx_HAL_Driver/Src/stm32f4xx_hal_spi.o
 .text.HAL_TIM_Base_Init
                0x0000000008003778       0x9e ./Drivers/STM32F4xx_HAL_Driver/Src/stm32f4xx_hal_tim.o
                0x0000000008003778                HAL_TIM_Base_Init
 *fill*         0x0000000008003816        0x2 
 .text.HAL_TIM_Base_Start_IT
                0x0000000008003818       0xc4 ./Drivers/STM32F4xx_HAL_Driver/Src/stm32f4xx_hal_tim.o
                0x0000000008003818                HAL_TIM_Base_Start_IT
 .text.HAL_TIM_IRQHandler
                0x00000000080038dc      0x210 ./Drivers/STM32F4xx_HAL_Driver/Src/stm32f4xx_hal_tim.o
                0x00000000080038dc                HAL_TIM_IRQHandler
 .text.HAL_TIM_ConfigClockSource
                0x0000000008003aec      0x18e ./Drivers/STM32F4xx_HAL_Driver/Src/stm32f4xx_hal_tim.o
                0x0000000008003aec                HAL_TIM_ConfigClockSource
 .text.HAL_TIM_PeriodElapsedCallback
                0x0000000008003c7a       0x14 ./Drivers/STM32F4xx_HAL_Driver/Src/stm32f4xx_hal_tim.o
                0x0000000008003c7a                HAL_TIM_PeriodElapsedCallback
 .text.HAL_TIM_OC_DelayElapsedCallback
                0x0000000008003c8e       0x14 ./Drivers/STM32F4xx_HAL_Driver/Src/stm32f4xx_hal_tim.o
                0x0000000008003c8e                HAL_TIM_OC_DelayElapsedCallback
 .text.HAL_TIM_IC_CaptureCallback
                0x0000000008003ca2       0x14 ./Drivers/STM32F4xx_HAL_Driver/Src/stm32f4xx_hal_tim.o
                0x0000000008003ca2                HAL_TIM_IC_CaptureCallback
 .text.HAL_TIM_PWM_PulseFinishedCallback
                0x0000000008003cb6       0x14 ./Drivers/STM32F4xx_HAL_Driver/Src/stm32f4xx_hal_tim.o
                0x0000000008003cb6                HAL_TIM_PWM_PulseFinishedCallback
 .text.HAL_TIM_TriggerCallback
                0x0000000008003cca       0x14 ./Drivers/STM32F4xx_HAL_Driver/Src/stm32f4xx_hal_tim.o
                0x0000000008003cca                HAL_TIM_TriggerCallback
 *fill*         0x0000000008003cde        0x2 
 .text.TIM_Base_SetConfig
                0x0000000008003ce0      0x100 ./Drivers/STM32F4xx_HAL_Driver/Src/stm32f4xx_hal_tim.o
                0x0000000008003ce0                TIM_Base_SetConfig
 .text.TIM_TI1_ConfigInputStage
                0x0000000008003de0       0x5e ./Drivers/STM32F4xx_HAL_Driver/Src/stm32f4xx_hal_tim.o
 .text.TIM_TI2_ConfigInputStage
                0x0000000008003e3e       0x60 ./Drivers/STM32F4xx_HAL_Driver/Src/stm32f4xx_hal_tim.o
 .text.TIM_ITRx_SetConfig
                0x0000000008003e9e       0x36 ./Drivers/STM32F4xx_HAL_Driver/Src/stm32f4xx_hal_tim.o
 .text.TIM_ETR_SetConfig
                0x0000000008003ed4       0x40 ./Drivers/STM32F4xx_HAL_Driver/Src/stm32f4xx_hal_tim.o
                0x0000000008003ed4                TIM_ETR_SetConfig
 .text.HAL_TIMEx_MasterConfigSynchronization
                0x0000000008003f14       0xdc ./Drivers/STM32F4xx_HAL_Driver/Src/stm32f4xx_hal_tim_ex.o
                0x0000000008003f14                HAL_TIMEx_MasterConfigSynchronization
 .text.HAL_TIMEx_CommutCallback
                0x0000000008003ff0       0x14 ./Drivers/STM32F4xx_HAL_Driver/Src/stm32f4xx_hal_tim_ex.o
                0x0000000008003ff0                HAL_TIMEx_CommutCallback
 .text.HAL_TIMEx_BreakCallback
                0x0000000008004004       0x14 ./Drivers/STM32F4xx_HAL_Driver/Src/stm32f4xx_hal_tim_ex.o
                0x0000000008004004                HAL_TIMEx_BreakCallback
 .text.__errno  0x0000000008004018        0xc c:/st/stm32cubeide_1.12.0/stm32cubeide/plugins/com.st.stm32cube.ide.mcu.externaltools.gnu-tools-for-stm32.10.3-2021.10.win32_1.0.200.202301161003/tools/bin/../lib/gcc/arm-none-eabi/10.3.1/../../../../arm-none-eabi/lib/thumb/v7e-m+fp/hard\libc_nano.a(lib_a-errno.o)
                0x0000000008004018                __errno
 .text.__libc_init_array
                0x0000000008004024       0x48 c:/st/stm32cubeide_1.12.0/stm32cubeide/plugins/com.st.stm32cube.ide.mcu.externaltools.gnu-tools-for-stm32.10.3-2021.10.win32_1.0.200.202301161003/tools/bin/../lib/gcc/arm-none-eabi/10.3.1/../../../../arm-none-eabi/lib/thumb/v7e-m+fp/hard\libc_nano.a(lib_a-init.o)
                0x0000000008004024                __libc_init_array
 .text.memcpy   0x000000000800406c       0x1c c:/st/stm32cubeide_1.12.0/stm32cubeide/plugins/com.st.stm32cube.ide.mcu.externaltools.gnu-tools-for-stm32.10.3-2021.10.win32_1.0.200.202301161003/tools/bin/../lib/gcc/arm-none-eabi/10.3.1/../../../../arm-none-eabi/lib/thumb/v7e-m+fp/hard\libc_nano.a(lib_a-memcpy-stub.o)
                0x000000000800406c                memcpy
 .text.memset   0x0000000008004088       0x10 c:/st/stm32cubeide_1.12.0/stm32cubeide/plugins/com.st.stm32cube.ide.mcu.externaltools.gnu-tools-for-stm32.10.3-2021.10.win32_1.0.200.202301161003/tools/bin/../lib/gcc/arm-none-eabi/10.3.1/../../../../arm-none-eabi/lib/thumb/v7e-m+fp/hard\libc_nano.a(lib_a-memset.o)
                0x0000000008004088                memset
 .text._vsnprintf_r
                0x0000000008004098       0x56 c:/st/stm32cubeide_1.12.0/stm32cubeide/plugins/com.st.stm32cube.ide.mcu.externaltools.gnu-tools-for-stm32.10.3-2021.10.win32_1.0.200.202301161003/tools/bin/../lib/gcc/arm-none-eabi/10.3.1/../../../../arm-none-eabi/lib/thumb/v7e-m+fp/hard\libc_nano.a(lib_a-vsnprintf.o)
                0x0000000008004098                _vsniprintf_r
                0x0000000008004098                _vsnprintf_r
 *fill*         0x00000000080040ee        0x2 
 .text.vsnprintf
                0x00000000080040f0       0x1c c:/st/stm32cubeide_1.12.0/stm32cubeide/plugins/com.st.stm32cube.ide.mcu.externaltools.gnu-tools-for-stm32.10.3-2021.10.win32_1.0.200.202301161003/tools/bin/../lib/gcc/arm-none-eabi/10.3.1/../../../../arm-none-eabi/lib/thumb/v7e-m+fp/hard\libc_nano.a(lib_a-vsnprintf.o)
                0x00000000080040f0                vsniprintf
                0x00000000080040f0                vsnprintf
 .text.__retarget_lock_acquire_recursive
                0x000000000800410c        0x2 c:/st/stm32cubeide_1.12.0/stm32cubeide/plugins/com.st.stm32cube.ide.mcu.externaltools.gnu-tools-for-stm32.10.3-2021.10.win32_1.0.200.202301161003/tools/bin/../lib/gcc/arm-none-eabi/10.3.1/../../../../arm-none-eabi/lib/thumb/v7e-m+fp/hard\libc_nano.a(lib_a-lock.o)
                0x000000000800410c                __retarget_lock_acquire_recursive
 .text.__retarget_lock_release_recursive
                0x000000000800410e        0x2 c:/st/stm32cubeide_1.12.0/stm32cubeide/plugins/com.st.stm32cube.ide.mcu.externaltools.gnu-tools-for-stm32.10.3-2021.10.win32_1.0.200.202301161003/tools/bin/../lib/gcc/arm-none-eabi/10.3.1/../../../../arm-none-eabi/lib/thumb/v7e-m+fp/hard\libc_nano.a(lib_a-lock.o)
                0x000000000800410e                __retarget_lock_release_recursive
 .text.sbrk_aligned
                0x0000000008004110       0x40 c:/st/stm32cubeide_1.12.0/stm32cubeide/plugins/com.st.stm32cube.ide.mcu.externaltools.gnu-tools-for-stm32.10.3-2021.10.win32_1.0.200.202301161003/tools/bin/../lib/gcc/arm-none-eabi/10.3.1/../../../../arm-none-eabi/lib/thumb/v7e-m+fp/hard\libc_nano.a(lib_a-nano-mallocr.o)
 .text._malloc_r
                0x0000000008004150       0xe8 c:/st/stm32cubeide_1.12.0/stm32cubeide/plugins/com.st.stm32cube.ide.mcu.externaltools.gnu-tools-for-stm32.10.3-2021.10.win32_1.0.200.202301161003/tools/bin/../lib/gcc/arm-none-eabi/10.3.1/../../../../arm-none-eabi/lib/thumb/v7e-m+fp/hard\libc_nano.a(lib_a-nano-mallocr.o)
                0x0000000008004150                _malloc_r
 .text.__ssputs_r
                0x0000000008004238       0xb6 c:/st/stm32cubeide_1.12.0/stm32cubeide/plugins/com.st.stm32cube.ide.mcu.externaltools.gnu-tools-for-stm32.10.3-2021.10.win32_1.0.200.202301161003/tools/bin/../lib/gcc/arm-none-eabi/10.3.1/../../../../arm-none-eabi/lib/thumb/v7e-m+fp/hard\libc_nano.a(lib_a-nano-svfprintf.o)
                0x0000000008004238                __ssputs_r
 *fill*         0x00000000080042ee        0x2 
 .text._svfprintf_r
                0x00000000080042f0      0x200 c:/st/stm32cubeide_1.12.0/stm32cubeide/plugins/com.st.stm32cube.ide.mcu.externaltools.gnu-tools-for-stm32.10.3-2021.10.win32_1.0.200.202301161003/tools/bin/../lib/gcc/arm-none-eabi/10.3.1/../../../../arm-none-eabi/lib/thumb/v7e-m+fp/hard\libc_nano.a(lib_a-nano-svfprintf.o)
                0x00000000080042f0                _svfiprintf_r
                0x00000000080042f0                _svfprintf_r
 .text._printf_common
                0x00000000080044f0       0xda c:/st/stm32cubeide_1.12.0/stm32cubeide/plugins/com.st.stm32cube.ide.mcu.externaltools.gnu-tools-for-stm32.10.3-2021.10.win32_1.0.200.202301161003/tools/bin/../lib/gcc/arm-none-eabi/10.3.1/../../../../arm-none-eabi/lib/thumb/v7e-m+fp/hard\libc_nano.a(lib_a-nano-vfprintf_i.o)
                0x00000000080044f0                _printf_common
 *fill*         0x00000000080045ca        0x2 
 .text._printf_i
                0x00000000080045cc      0x24c c:/st/stm32cubeide_1.12.0/stm32cubeide/plugins/com.st.stm32cube.ide.mcu.externaltools.gnu-tools-for-stm32.10.3-2021.10.win32_1.0.200.202301161003/tools/bin/../lib/gcc/arm-none-eabi/10.3.1/../../../../arm-none-eabi/lib/thumb/v7e-m+fp/hard\libc_nano.a(lib_a-nano-vfprintf_i.o)
                0x00000000080045cc                _printf_i
 .text._sbrk_r  0x0000000008004818       0x20 c:/st/stm32cubeide_1.12.0/stm32cubeide/plugins/com.st.stm32cube.ide.mcu.externaltools.gnu-tools-for-stm32.10.3-2021.10.win32_1.0.200.202301161003/tools/bin/../lib/gcc/arm-none-eabi/10.3.1/../../../../arm-none-eabi/lib/thumb/v7e-m+fp/hard\libc_nano.a(lib_a-sbrkr.o)
                0x0000000008004818                _sbrk_r
 .text.memmove  0x0000000008004838       0x34 c:/st/stm32cubeide_1.12.0/stm32cubeide/plugins/com.st.stm32cube.ide.mcu.externaltools.gnu-tools-for-stm32.10.3-2021.10.win32_1.0.200.202301161003/tools/bin/../lib/gcc/arm-none-eabi/10.3.1/../../../../arm-none-eabi/lib/thumb/v7e-m+fp/hard\libc_nano.a(lib_a-memmove.o)
                0x0000000008004838                memmove
 .text.__malloc_lock
                0x000000000800486c        0xc c:/st/stm32cubeide_1.12.0/stm32cubeide/plugins/com.st.stm32cube.ide.mcu.externaltools.gnu-tools-for-stm32.10.3-2021.10.win32_1.0.200.202301161003/tools/bin/../lib/gcc/arm-none-eabi/10.3.1/../../../../arm-none-eabi/lib/thumb/v7e-m+fp/hard\libc_nano.a(lib_a-mlock.o)
                0x000000000800486c                __malloc_lock
 .text.__malloc_unlock
                0x0000000008004878        0xc c:/st/stm32cubeide_1.12.0/stm32cubeide/plugins/com.st.stm32cube.ide.mcu.externaltools.gnu-tools-for-stm32.10.3-2021.10.win32_1.0.200.202301161003/tools/bin/../lib/gcc/arm-none-eabi/10.3.1/../../../../arm-none-eabi/lib/thumb/v7e-m+fp/hard\libc_nano.a(lib_a-mlock.o)
                0x0000000008004878                __malloc_unlock
 .text._free_r  0x0000000008004884       0x98 c:/st/stm32cubeide_1.12.0/stm32cubeide/plugins/com.st.stm32cube.ide.mcu.externaltools.gnu-tools-for-stm32.10.3-2021.10.win32_1.0.200.202301161003/tools/bin/../lib/gcc/arm-none-eabi/10.3.1/../../../../arm-none-eabi/lib/thumb/v7e-m+fp/hard\libc_nano.a(lib_a-nano-freer.o)
                0x0000000008004884                _free_r
 .text._realloc_r
                0x000000000800491c       0x5e c:/st/stm32cubeide_1.12.0/stm32cubeide/plugins/com.st.stm32cube.ide.mcu.externaltools.gnu-tools-for-stm32.10.3-2021.10.win32_1.0.200.202301161003/tools/bin/../lib/gcc/arm-none-eabi/10.3.1/../../../../arm-none-eabi/lib/thumb/v7e-m+fp/hard\libc_nano.a(lib_a-nano-reallocr.o)
                0x000000000800491c                _realloc_r
 .text._malloc_usable_size_r
                0x000000000800497a       0x10 c:/st/stm32cubeide_1.12.0/stm32cubeide/plugins/com.st.stm32cube.ide.mcu.externaltools.gnu-tools-for-stm32.10.3-2021.10.win32_1.0.200.202301161003/tools/bin/../lib/gcc/arm-none-eabi/10.3.1/../../../../arm-none-eabi/lib/thumb/v7e-m+fp/hard\libc_nano.a(lib_a-nano-msizer.o)
                0x000000000800497a                _malloc_usable_size_r
 *(.glue_7)
 .glue_7        0x000000000800498a        0x0 linker stubs
 *(.glue_7t)
 .glue_7t       0x000000000800498a        0x0 linker stubs
 *(.eh_frame)
 *fill*         0x000000000800498a        0x2 
 .eh_frame      0x000000000800498c        0x0 c:/st/stm32cubeide_1.12.0/stm32cubeide/plugins/com.st.stm32cube.ide.mcu.externaltools.gnu-tools-for-stm32.10.3-2021.10.win32_1.0.200.202301161003/tools/bin/../lib/gcc/arm-none-eabi/10.3.1/thumb/v7e-m+fp/hard/crtbegin.o
 *(.init)
 .init          0x000000000800498c        0x4 c:/st/stm32cubeide_1.12.0/stm32cubeide/plugins/com.st.stm32cube.ide.mcu.externaltools.gnu-tools-for-stm32.10.3-2021.10.win32_1.0.200.202301161003/tools/bin/../lib/gcc/arm-none-eabi/10.3.1/thumb/v7e-m+fp/hard/crti.o
                0x000000000800498c                _init
 .init          0x0000000008004990        0x8 c:/st/stm32cubeide_1.12.0/stm32cubeide/plugins/com.st.stm32cube.ide.mcu.externaltools.gnu-tools-for-stm32.10.3-2021.10.win32_1.0.200.202301161003/tools/bin/../lib/gcc/arm-none-eabi/10.3.1/thumb/v7e-m+fp/hard/crtn.o
 *(.fini)
 .fini          0x0000000008004998        0x4 c:/st/stm32cubeide_1.12.0/stm32cubeide/plugins/com.st.stm32cube.ide.mcu.externaltools.gnu-tools-for-stm32.10.3-2021.10.win32_1.0.200.202301161003/tools/bin/../lib/gcc/arm-none-eabi/10.3.1/thumb/v7e-m+fp/hard/crti.o
                0x0000000008004998                _fini
 .fini          0x000000000800499c        0x8 c:/st/stm32cubeide_1.12.0/stm32cubeide/plugins/com.st.stm32cube.ide.mcu.externaltools.gnu-tools-for-stm32.10.3-2021.10.win32_1.0.200.202301161003/tools/bin/../lib/gcc/arm-none-eabi/10.3.1/thumb/v7e-m+fp/hard/crtn.o
                0x00000000080049a4                . = ALIGN (0x4)
                0x00000000080049a4                _etext = .

.vfp11_veneer   0x00000000080049a4        0x0
 .vfp11_veneer  0x00000000080049a4        0x0 linker stubs

.v4_bx          0x00000000080049a4        0x0
 .v4_bx         0x00000000080049a4        0x0 linker stubs

.iplt           0x00000000080049a4        0x0
 .iplt          0x00000000080049a4        0x0 c:/st/stm32cubeide_1.12.0/stm32cubeide/plugins/com.st.stm32cube.ide.mcu.externaltools.gnu-tools-for-stm32.10.3-2021.10.win32_1.0.200.202301161003/tools/bin/../lib/gcc/arm-none-eabi/10.3.1/thumb/v7e-m+fp/hard/crtbegin.o

.rodata         0x00000000080049a4     0x2cb8
                0x00000000080049a4                . = ALIGN (0x4)
 *(.rodata)
 .rodata        0x00000000080049a4        0xa ./Core/Src/main.o
 *(.rodata*)
 *fill*         0x00000000080049ae        0x2 
 .rodata.f10x16f_table
                0x00000000080049b0     0x2200 ./Core/Src/f10x16f.o
                0x00000000080049b0                f10x16f_table
 .rodata.f6x8m_table
                0x0000000008006bb0      0xa00 ./Core/Src/f6x8m.o
                0x0000000008006bb0                f6x8m_table
 .rodata.font_table_funcs
                0x00000000080075b0        0x8 ./Core/Src/font.o
                0x00000000080075b0                font_table_funcs
 .rodata.AHBPrescTable
                0x00000000080075b8       0x10 ./Core/Src/system_stm32f4xx.o
                0x00000000080075b8                AHBPrescTable
 .rodata.__sf_fake_stderr
                0x00000000080075c8       0x20 c:/st/stm32cubeide_1.12.0/stm32cubeide/plugins/com.st.stm32cube.ide.mcu.externaltools.gnu-tools-for-stm32.10.3-2021.10.win32_1.0.200.202301161003/tools/bin/../lib/gcc/arm-none-eabi/10.3.1/../../../../arm-none-eabi/lib/thumb/v7e-m+fp/hard\libc_nano.a(lib_a-findfp.o)
                0x00000000080075c8                __sf_fake_stderr
 .rodata.__sf_fake_stdin
                0x00000000080075e8       0x20 c:/st/stm32cubeide_1.12.0/stm32cubeide/plugins/com.st.stm32cube.ide.mcu.externaltools.gnu-tools-for-stm32.10.3-2021.10.win32_1.0.200.202301161003/tools/bin/../lib/gcc/arm-none-eabi/10.3.1/../../../../arm-none-eabi/lib/thumb/v7e-m+fp/hard\libc_nano.a(lib_a-findfp.o)
                0x00000000080075e8                __sf_fake_stdin
 .rodata.__sf_fake_stdout
                0x0000000008007608       0x20 c:/st/stm32cubeide_1.12.0/stm32cubeide/plugins/com.st.stm32cube.ide.mcu.externaltools.gnu-tools-for-stm32.10.3-2021.10.win32_1.0.200.202301161003/tools/bin/../lib/gcc/arm-none-eabi/10.3.1/../../../../arm-none-eabi/lib/thumb/v7e-m+fp/hard\libc_nano.a(lib_a-findfp.o)
                0x0000000008007608                __sf_fake_stdout
 .rodata._svfprintf_r.str1.1
                0x0000000008007628       0x11 c:/st/stm32cubeide_1.12.0/stm32cubeide/plugins/com.st.stm32cube.ide.mcu.externaltools.gnu-tools-for-stm32.10.3-2021.10.win32_1.0.200.202301161003/tools/bin/../lib/gcc/arm-none-eabi/10.3.1/../../../../arm-none-eabi/lib/thumb/v7e-m+fp/hard\libc_nano.a(lib_a-nano-svfprintf.o)
 .rodata._printf_i.str1.1
                0x0000000008007639       0x22 c:/st/stm32cubeide_1.12.0/stm32cubeide/plugins/com.st.stm32cube.ide.mcu.externaltools.gnu-tools-for-stm32.10.3-2021.10.win32_1.0.200.202301161003/tools/bin/../lib/gcc/arm-none-eabi/10.3.1/../../../../arm-none-eabi/lib/thumb/v7e-m+fp/hard\libc_nano.a(lib_a-nano-vfprintf_i.o)
                0x000000000800765c                . = ALIGN (0x4)
 *fill*         0x000000000800765b        0x1 

.ARM.extab      0x000000000800765c        0x0
                0x000000000800765c                . = ALIGN (0x4)
 *(.ARM.extab* .gnu.linkonce.armextab.*)
                0x000000000800765c                . = ALIGN (0x4)

.ARM            0x000000000800765c        0x8
                0x000000000800765c                . = ALIGN (0x4)
                0x000000000800765c                __exidx_start = .
 *(.ARM.exidx*)
 .ARM.exidx     0x000000000800765c        0x8 c:/st/stm32cubeide_1.12.0/stm32cubeide/plugins/com.st.stm32cube.ide.mcu.externaltools.gnu-tools-for-stm32.10.3-2021.10.win32_1.0.200.202301161003/tools/bin/../lib/gcc/arm-none-eabi/10.3.1/thumb/v7e-m+fp/hard\libgcc.a(_udivmoddi4.o)
                0x0000000008007664                __exidx_end = .
                0x0000000008007664                . = ALIGN (0x4)

.rel.dyn        0x0000000008007664        0x0
 .rel.iplt      0x0000000008007664        0x0 c:/st/stm32cubeide_1.12.0/stm32cubeide/plugins/com.st.stm32cube.ide.mcu.externaltools.gnu-tools-for-stm32.10.3-2021.10.win32_1.0.200.202301161003/tools/bin/../lib/gcc/arm-none-eabi/10.3.1/thumb/v7e-m+fp/hard/crtbegin.o

.preinit_array  0x0000000008007664        0x0
                0x0000000008007664                . = ALIGN (0x4)
                0x0000000008007664                PROVIDE (__preinit_array_start = .)
 *(.preinit_array*)
                0x0000000008007664                PROVIDE (__preinit_array_end = .)
                0x0000000008007664                . = ALIGN (0x4)

.init_array     0x0000000008007664        0x4
                0x0000000008007664                . = ALIGN (0x4)
                0x0000000008007664                PROVIDE (__init_array_start = .)
 *(SORT_BY_NAME(.init_array.*))
 *(.init_array*)
 .init_array    0x0000000008007664        0x4 c:/st/stm32cubeide_1.12.0/stm32cubeide/plugins/com.st.stm32cube.ide.mcu.externaltools.gnu-tools-for-stm32.10.3-2021.10.win32_1.0.200.202301161003/tools/bin/../lib/gcc/arm-none-eabi/10.3.1/thumb/v7e-m+fp/hard/crtbegin.o
                0x0000000008007668                PROVIDE (__init_array_end = .)
                0x0000000008007668                . = ALIGN (0x4)

.fini_array     0x0000000008007668        0x4
                0x0000000008007668                . = ALIGN (0x4)
                [!provide]                        PROVIDE (__fini_array_start = .)
 *(SORT_BY_NAME(.fini_array.*))
 *(.fini_array*)
 .fini_array    0x0000000008007668        0x4 c:/st/stm32cubeide_1.12.0/stm32cubeide/plugins/com.st.stm32cube.ide.mcu.externaltools.gnu-tools-for-stm32.10.3-2021.10.win32_1.0.200.202301161003/tools/bin/../lib/gcc/arm-none-eabi/10.3.1/thumb/v7e-m+fp/hard/crtbegin.o
                [!provide]                        PROVIDE (__fini_array_end = .)
                0x000000000800766c                . = ALIGN (0x4)
                0x000000000800766c                _sidata = LOADADDR (.data)

.data           0x0000000020000000       0xa0 load address 0x000000000800766c
                0x0000000020000000                . = ALIGN (0x4)
                0x0000000020000000                _sdata = .
 *(.data)
 *(.data*)
 .data.DMD_1COLOR_ScreenHeight
                0x0000000020000000        0x1 ./Core/Src/disp1color.o
                0x0000000020000000                DMD_1COLOR_ScreenHeight
 .data.DMD_1COLOR_ScreenWidth
                0x0000000020000001        0x1 ./Core/Src/disp1color.o
                0x0000000020000001                DMD_1COLOR_ScreenWidth
 .data.xs       0x0000000020000002        0x2 ./Core/Src/main.o
                0x0000000020000002                xs
 .data.ys       0x0000000020000004        0x4 ./Core/Src/main.o
                0x0000000020000004                ys
 .data.xh       0x0000000020000008        0x4 ./Core/Src/main.o
                0x0000000020000008                xh
 .data.xh1      0x000000002000000c        0x4 ./Core/Src/main.o
                0x000000002000000c                xh1
 .data.h_HEIGHT
                0x0000000020000010       0x10 ./Core/Src/main.o
                0x0000000020000010                h_HEIGHT
 .data.l_HEIGHT
                0x0000000020000020       0x10 ./Core/Src/main.o
                0x0000000020000020                l_HEIGHT
 .data.SystemCoreClock
                0x0000000020000030        0x4 ./Core/Src/system_stm32f4xx.o
                0x0000000020000030                SystemCoreClock
 .data.uwTickPrio
                0x0000000020000034        0x4 ./Drivers/STM32F4xx_HAL_Driver/Src/stm32f4xx_hal.o
                0x0000000020000034                uwTickPrio
 .data.uwTickFreq
                0x0000000020000038        0x1 ./Drivers/STM32F4xx_HAL_Driver/Src/stm32f4xx_hal.o
                0x0000000020000038                uwTickFreq
 *fill*         0x0000000020000039        0x3 
 .data._impure_ptr
                0x000000002000003c        0x4 c:/st/stm32cubeide_1.12.0/stm32cubeide/plugins/com.st.stm32cube.ide.mcu.externaltools.gnu-tools-for-stm32.10.3-2021.10.win32_1.0.200.202301161003/tools/bin/../lib/gcc/arm-none-eabi/10.3.1/../../../../arm-none-eabi/lib/thumb/v7e-m+fp/hard\libc_nano.a(lib_a-impure.o)
                0x000000002000003c                _impure_ptr
 .data.impure_data
                0x0000000020000040       0x60 c:/st/stm32cubeide_1.12.0/stm32cubeide/plugins/com.st.stm32cube.ide.mcu.externaltools.gnu-tools-for-stm32.10.3-2021.10.win32_1.0.200.202301161003/tools/bin/../lib/gcc/arm-none-eabi/10.3.1/../../../../arm-none-eabi/lib/thumb/v7e-m+fp/hard\libc_nano.a(lib_a-impure.o)
 *(.RamFunc)
 *(.RamFunc*)
                0x00000000200000a0                . = ALIGN (0x4)
                0x00000000200000a0                _edata = .

.igot.plt       0x00000000200000a0        0x0 load address 0x000000000800770c
 .igot.plt      0x00000000200000a0        0x0 c:/st/stm32cubeide_1.12.0/stm32cubeide/plugins/com.st.stm32cube.ide.mcu.externaltools.gnu-tools-for-stm32.10.3-2021.10.win32_1.0.200.202301161003/tools/bin/../lib/gcc/arm-none-eabi/10.3.1/thumb/v7e-m+fp/hard/crtbegin.o
                0x00000000200000a0                . = ALIGN (0x4)

.bss            0x00000000200000a0      0x1fc load address 0x000000000800770c
                0x00000000200000a0                _sbss = .
                0x00000000200000a0                __bss_start__ = _sbss
 *(.bss)
 .bss           0x00000000200000a0       0x1c c:/st/stm32cubeide_1.12.0/stm32cubeide/plugins/com.st.stm32cube.ide.mcu.externaltools.gnu-tools-for-stm32.10.3-2021.10.win32_1.0.200.202301161003/tools/bin/../lib/gcc/arm-none-eabi/10.3.1/thumb/v7e-m+fp/hard/crtbegin.o
 *(.bss*)
 .bss.DMD_1COLOR_MatrixBuff
                0x00000000200000bc       0x40 ./Core/Src/disp1color.o
                0x00000000200000bc                DMD_1COLOR_MatrixBuff
 .bss.DMD_1COLOR_Buff
                0x00000000200000fc       0x40 ./Core/Src/disp1color.o
                0x00000000200000fc                DMD_1COLOR_Buff
 .bss.disp1color_buff
                0x000000002000013c       0x40 ./Core/Src/disp1color.o
                0x000000002000013c                disp1color_buff
 .bss.data1     0x000000002000017c       0x10 ./Core/Src/disp1color.o
                0x000000002000017c                data1
 .bss.data2     0x000000002000018c       0x10 ./Core/Src/disp1color.o
                0x000000002000018c                data2
 .bss.data3     0x000000002000019c       0x10 ./Core/Src/disp1color.o
                0x000000002000019c                data3
 .bss.data4     0x00000000200001ac       0x10 ./Core/Src/disp1color.o
                0x00000000200001ac                data4
 .bss.yh        0x00000000200001bc        0x4 ./Core/Src/main.o
                0x00000000200001bc                yh
 .bss.yh1       0x00000000200001c0        0x4 ./Core/Src/main.o
                0x00000000200001c0                yh1
 .bss.fillflag  0x00000000200001c4        0x4 ./Core/Src/main.o
                0x00000000200001c4                fillflag
 .bss.yl        0x00000000200001c8        0x4 ./Core/Src/main.o
                0x00000000200001c8                yl
 .bss.yl1       0x00000000200001cc        0x4 ./Core/Src/main.o
                0x00000000200001cc                yl1
 .bss.Pisdead   0x00000000200001d0        0x2 ./Core/Src/main.o
                0x00000000200001d0                Pisdead
 .bss.jump_flag
                0x00000000200001d2        0x1 ./Core/Src/main.o
                0x00000000200001d2                jump_flag
 .bss.jump_time
                0x00000000200001d3        0x1 ./Core/Src/main.o
                0x00000000200001d3                jump_time
 .bss.prop_count
                0x00000000200001d4        0x1 ./Core/Src/main.o
                0x00000000200001d4                prop_count
 *fill*         0x00000000200001d5        0x3 
 .bss.sensor_time
                0x00000000200001d8        0x4 ./Core/Src/main.o
                0x00000000200001d8                sensor_time
 .bss.distance  0x00000000200001dc        0x2 ./Core/Src/main.o
                0x00000000200001dc                distance
 *fill*         0x00000000200001de        0x2 
 .bss.hspi1     0x00000000200001e0       0x58 ./Core/Src/spi.o
                0x00000000200001e0                hspi1
 .bss.flag      0x0000000020000238        0x2 ./Core/Src/stm32f4xx_it.o
                0x0000000020000238                flag
 *fill*         0x000000002000023a        0x2 
 .bss.__sbrk_heap_end
                0x000000002000023c        0x4 ./Core/Src/sysmem.o
 .bss.htim1     0x0000000020000240       0x48 ./Core/Src/tim.o
                0x0000000020000240                htim1
 .bss.uwTick    0x0000000020000288        0x4 ./Drivers/STM32F4xx_HAL_Driver/Src/stm32f4xx_hal.o
                0x0000000020000288                uwTick
 .bss.__lock___malloc_recursive_mutex
                0x000000002000028c        0x1 c:/st/stm32cubeide_1.12.0/stm32cubeide/plugins/com.st.stm32cube.ide.mcu.externaltools.gnu-tools-for-stm32.10.3-2021.10.win32_1.0.200.202301161003/tools/bin/../lib/gcc/arm-none-eabi/10.3.1/../../../../arm-none-eabi/lib/thumb/v7e-m+fp/hard\libc_nano.a(lib_a-lock.o)
                0x000000002000028c                __lock___malloc_recursive_mutex
 *fill*         0x000000002000028d        0x3 
 .bss.__malloc_free_list
                0x0000000020000290        0x4 c:/st/stm32cubeide_1.12.0/stm32cubeide/plugins/com.st.stm32cube.ide.mcu.externaltools.gnu-tools-for-stm32.10.3-2021.10.win32_1.0.200.202301161003/tools/bin/../lib/gcc/arm-none-eabi/10.3.1/../../../../arm-none-eabi/lib/thumb/v7e-m+fp/hard\libc_nano.a(lib_a-nano-mallocr.o)
                0x0000000020000290                __malloc_free_list
 .bss.__malloc_sbrk_start
                0x0000000020000294        0x4 c:/st/stm32cubeide_1.12.0/stm32cubeide/plugins/com.st.stm32cube.ide.mcu.externaltools.gnu-tools-for-stm32.10.3-2021.10.win32_1.0.200.202301161003/tools/bin/../lib/gcc/arm-none-eabi/10.3.1/../../../../arm-none-eabi/lib/thumb/v7e-m+fp/hard\libc_nano.a(lib_a-nano-mallocr.o)
                0x0000000020000294                __malloc_sbrk_start
 .bss.errno     0x0000000020000298        0x4 c:/st/stm32cubeide_1.12.0/stm32cubeide/plugins/com.st.stm32cube.ide.mcu.externaltools.gnu-tools-for-stm32.10.3-2021.10.win32_1.0.200.202301161003/tools/bin/../lib/gcc/arm-none-eabi/10.3.1/../../../../arm-none-eabi/lib/thumb/v7e-m+fp/hard\libc_nano.a(lib_a-reent.o)
                0x0000000020000298                errno
 *(COMMON)
                0x000000002000029c                . = ALIGN (0x4)
                0x000000002000029c                _ebss = .
                0x000000002000029c                __bss_end__ = _ebss

._user_heap_stack
                0x000000002000029c      0x604 load address 0x000000000800770c
                0x00000000200002a0                . = ALIGN (0x8)
 *fill*         0x000000002000029c        0x4 
                [!provide]                        PROVIDE (end = .)
                0x00000000200002a0                PROVIDE (_end = .)
                0x00000000200004a0                . = (. + _Min_Heap_Size)
 *fill*         0x00000000200002a0      0x200 
                0x00000000200008a0                . = (. + _Min_Stack_Size)
 *fill*         0x00000000200004a0      0x400 
                0x00000000200008a0                . = ALIGN (0x8)

/DISCARD/
 libc.a(*)
 libm.a(*)
 libgcc.a(*)

.ARM.attributes
                0x0000000000000000       0x30
 *(.ARM.attributes)
 .ARM.attributes
                0x0000000000000000       0x1e c:/st/stm32cubeide_1.12.0/stm32cubeide/plugins/com.st.stm32cube.ide.mcu.externaltools.gnu-tools-for-stm32.10.3-2021.10.win32_1.0.200.202301161003/tools/bin/../lib/gcc/arm-none-eabi/10.3.1/thumb/v7e-m+fp/hard/crti.o
 .ARM.attributes
                0x000000000000001e       0x34 c:/st/stm32cubeide_1.12.0/stm32cubeide/plugins/com.st.stm32cube.ide.mcu.externaltools.gnu-tools-for-stm32.10.3-2021.10.win32_1.0.200.202301161003/tools/bin/../lib/gcc/arm-none-eabi/10.3.1/thumb/v7e-m+fp/hard/crtbegin.o
 .ARM.attributes
                0x0000000000000052       0x34 ./Core/Src/disp1color.o
 .ARM.attributes
                0x0000000000000086       0x34 ./Core/Src/dwt_stm32_delay.o
 .ARM.attributes
                0x00000000000000ba       0x34 ./Core/Src/f10x16f.o
 .ARM.attributes
                0x00000000000000ee       0x34 ./Core/Src/f6x8m.o
 .ARM.attributes
                0x0000000000000122       0x34 ./Core/Src/font.o
 .ARM.attributes
                0x0000000000000156       0x34 ./Core/Src/gpio.o
 .ARM.attributes
                0x000000000000018a       0x34 ./Core/Src/main.o
 .ARM.attributes
                0x00000000000001be       0x34 ./Core/Src/spi.o
 .ARM.attributes
                0x00000000000001f2       0x34 ./Core/Src/stm32f4xx_hal_msp.o
 .ARM.attributes
                0x0000000000000226       0x34 ./Core/Src/stm32f4xx_it.o
 .ARM.attributes
                0x000000000000025a       0x34 ./Core/Src/sysmem.o
 .ARM.attributes
                0x000000000000028e       0x34 ./Core/Src/system_stm32f4xx.o
 .ARM.attributes
                0x00000000000002c2       0x34 ./Core/Src/tim.o
 .ARM.attributes
                0x00000000000002f6       0x21 ./Core/Startup/startup_stm32f411vetx.o
 .ARM.attributes
                0x0000000000000317       0x34 ./Drivers/STM32F4xx_HAL_Driver/Src/stm32f4xx_hal.o
 .ARM.attributes
                0x000000000000034b       0x34 ./Drivers/STM32F4xx_HAL_Driver/Src/stm32f4xx_hal_cortex.o
 .ARM.attributes
                0x000000000000037f       0x34 ./Drivers/STM32F4xx_HAL_Driver/Src/stm32f4xx_hal_gpio.o
 .ARM.attributes
                0x00000000000003b3       0x34 ./Drivers/STM32F4xx_HAL_Driver/Src/stm32f4xx_hal_rcc.o
 .ARM.attributes
                0x00000000000003e7       0x34 ./Drivers/STM32F4xx_HAL_Driver/Src/stm32f4xx_hal_spi.o
 .ARM.attributes
                0x000000000000041b       0x34 ./Drivers/STM32F4xx_HAL_Driver/Src/stm32f4xx_hal_tim.o
 .ARM.attributes
                0x000000000000044f       0x34 ./Drivers/STM32F4xx_HAL_Driver/Src/stm32f4xx_hal_tim_ex.o
 .ARM.attributes
                0x0000000000000483       0x34 c:/st/stm32cubeide_1.12.0/stm32cubeide/plugins/com.st.stm32cube.ide.mcu.externaltools.gnu-tools-for-stm32.10.3-2021.10.win32_1.0.200.202301161003/tools/bin/../lib/gcc/arm-none-eabi/10.3.1/../../../../arm-none-eabi/lib/thumb/v7e-m+fp/hard\libc_nano.a(lib_a-errno.o)
 .ARM.attributes
                0x00000000000004b7       0x34 c:/st/stm32cubeide_1.12.0/stm32cubeide/plugins/com.st.stm32cube.ide.mcu.externaltools.gnu-tools-for-stm32.10.3-2021.10.win32_1.0.200.202301161003/tools/bin/../lib/gcc/arm-none-eabi/10.3.1/../../../../arm-none-eabi/lib/thumb/v7e-m+fp/hard\libc_nano.a(lib_a-impure.o)
 .ARM.attributes
                0x00000000000004eb       0x34 c:/st/stm32cubeide_1.12.0/stm32cubeide/plugins/com.st.stm32cube.ide.mcu.externaltools.gnu-tools-for-stm32.10.3-2021.10.win32_1.0.200.202301161003/tools/bin/../lib/gcc/arm-none-eabi/10.3.1/../../../../arm-none-eabi/lib/thumb/v7e-m+fp/hard\libc_nano.a(lib_a-init.o)
 .ARM.attributes
                0x000000000000051f       0x34 c:/st/stm32cubeide_1.12.0/stm32cubeide/plugins/com.st.stm32cube.ide.mcu.externaltools.gnu-tools-for-stm32.10.3-2021.10.win32_1.0.200.202301161003/tools/bin/../lib/gcc/arm-none-eabi/10.3.1/../../../../arm-none-eabi/lib/thumb/v7e-m+fp/hard\libc_nano.a(lib_a-memcpy-stub.o)
 .ARM.attributes
                0x0000000000000553       0x34 c:/st/stm32cubeide_1.12.0/stm32cubeide/plugins/com.st.stm32cube.ide.mcu.externaltools.gnu-tools-for-stm32.10.3-2021.10.win32_1.0.200.202301161003/tools/bin/../lib/gcc/arm-none-eabi/10.3.1/../../../../arm-none-eabi/lib/thumb/v7e-m+fp/hard\libc_nano.a(lib_a-memset.o)
 .ARM.attributes
                0x0000000000000587       0x17 c:/st/stm32cubeide_1.12.0/stm32cubeide/plugins/com.st.stm32cube.ide.mcu.externaltools.gnu-tools-for-stm32.10.3-2021.10.win32_1.0.200.202301161003/tools/bin/../lib/gcc/arm-none-eabi/10.3.1/../../../../arm-none-eabi/lib/thumb/v7e-m+fp/hard\libc_nano.a(lib_a-strlen.o)
 .ARM.attributes
                0x000000000000059e       0x34 c:/st/stm32cubeide_1.12.0/stm32cubeide/plugins/com.st.stm32cube.ide.mcu.externaltools.gnu-tools-for-stm32.10.3-2021.10.win32_1.0.200.202301161003/tools/bin/../lib/gcc/arm-none-eabi/10.3.1/../../../../arm-none-eabi/lib/thumb/v7e-m+fp/hard\libc_nano.a(lib_a-vsnprintf.o)
 .ARM.attributes
                0x00000000000005d2       0x34 c:/st/stm32cubeide_1.12.0/stm32cubeide/plugins/com.st.stm32cube.ide.mcu.externaltools.gnu-tools-for-stm32.10.3-2021.10.win32_1.0.200.202301161003/tools/bin/../lib/gcc/arm-none-eabi/10.3.1/../../../../arm-none-eabi/lib/thumb/v7e-m+fp/hard\libc_nano.a(lib_a-findfp.o)
 .ARM.attributes
                0x0000000000000606       0x34 c:/st/stm32cubeide_1.12.0/stm32cubeide/plugins/com.st.stm32cube.ide.mcu.externaltools.gnu-tools-for-stm32.10.3-2021.10.win32_1.0.200.202301161003/tools/bin/../lib/gcc/arm-none-eabi/10.3.1/../../../../arm-none-eabi/lib/thumb/v7e-m+fp/hard\libc_nano.a(lib_a-lock.o)
 .ARM.attributes
                0x000000000000063a       0x34 c:/st/stm32cubeide_1.12.0/stm32cubeide/plugins/com.st.stm32cube.ide.mcu.externaltools.gnu-tools-for-stm32.10.3-2021.10.win32_1.0.200.202301161003/tools/bin/../lib/gcc/arm-none-eabi/10.3.1/../../../../arm-none-eabi/lib/thumb/v7e-m+fp/hard\libc_nano.a(lib_a-nano-mallocr.o)
 .ARM.attributes
                0x000000000000066e       0x34 c:/st/stm32cubeide_1.12.0/stm32cubeide/plugins/com.st.stm32cube.ide.mcu.externaltools.gnu-tools-for-stm32.10.3-2021.10.win32_1.0.200.202301161003/tools/bin/../lib/gcc/arm-none-eabi/10.3.1/../../../../arm-none-eabi/lib/thumb/v7e-m+fp/hard\libc_nano.a(lib_a-nano-svfprintf.o)
 .ARM.attributes
                0x00000000000006a2       0x34 c:/st/stm32cubeide_1.12.0/stm32cubeide/plugins/com.st.stm32cube.ide.mcu.externaltools.gnu-tools-for-stm32.10.3-2021.10.win32_1.0.200.202301161003/tools/bin/../lib/gcc/arm-none-eabi/10.3.1/../../../../arm-none-eabi/lib/thumb/v7e-m+fp/hard\libc_nano.a(lib_a-nano-vfprintf_i.o)
 .ARM.attributes
                0x00000000000006d6       0x34 c:/st/stm32cubeide_1.12.0/stm32cubeide/plugins/com.st.stm32cube.ide.mcu.externaltools.gnu-tools-for-stm32.10.3-2021.10.win32_1.0.200.202301161003/tools/bin/../lib/gcc/arm-none-eabi/10.3.1/../../../../arm-none-eabi/lib/thumb/v7e-m+fp/hard\libc_nano.a(lib_a-sbrkr.o)
 .ARM.attributes
                0x000000000000070a       0x1c c:/st/stm32cubeide_1.12.0/stm32cubeide/plugins/com.st.stm32cube.ide.mcu.externaltools.gnu-tools-for-stm32.10.3-2021.10.win32_1.0.200.202301161003/tools/bin/../lib/gcc/arm-none-eabi/10.3.1/../../../../arm-none-eabi/lib/thumb/v7e-m+fp/hard\libc_nano.a(lib_a-memchr.o)
 .ARM.attributes
                0x0000000000000726       0x34 c:/st/stm32cubeide_1.12.0/stm32cubeide/plugins/com.st.stm32cube.ide.mcu.externaltools.gnu-tools-for-stm32.10.3-2021.10.win32_1.0.200.202301161003/tools/bin/../lib/gcc/arm-none-eabi/10.3.1/../../../../arm-none-eabi/lib/thumb/v7e-m+fp/hard\libc_nano.a(lib_a-memmove.o)
 .ARM.attributes
                0x000000000000075a       0x34 c:/st/stm32cubeide_1.12.0/stm32cubeide/plugins/com.st.stm32cube.ide.mcu.externaltools.gnu-tools-for-stm32.10.3-2021.10.win32_1.0.200.202301161003/tools/bin/../lib/gcc/arm-none-eabi/10.3.1/../../../../arm-none-eabi/lib/thumb/v7e-m+fp/hard\libc_nano.a(lib_a-mlock.o)
 .ARM.attributes
                0x000000000000078e       0x34 c:/st/stm32cubeide_1.12.0/stm32cubeide/plugins/com.st.stm32cube.ide.mcu.externaltools.gnu-tools-for-stm32.10.3-2021.10.win32_1.0.200.202301161003/tools/bin/../lib/gcc/arm-none-eabi/10.3.1/../../../../arm-none-eabi/lib/thumb/v7e-m+fp/hard\libc_nano.a(lib_a-nano-freer.o)
 .ARM.attributes
                0x00000000000007c2       0x34 c:/st/stm32cubeide_1.12.0/stm32cubeide/plugins/com.st.stm32cube.ide.mcu.externaltools.gnu-tools-for-stm32.10.3-2021.10.win32_1.0.200.202301161003/tools/bin/../lib/gcc/arm-none-eabi/10.3.1/../../../../arm-none-eabi/lib/thumb/v7e-m+fp/hard\libc_nano.a(lib_a-nano-reallocr.o)
 .ARM.attributes
                0x00000000000007f6       0x34 c:/st/stm32cubeide_1.12.0/stm32cubeide/plugins/com.st.stm32cube.ide.mcu.externaltools.gnu-tools-for-stm32.10.3-2021.10.win32_1.0.200.202301161003/tools/bin/../lib/gcc/arm-none-eabi/10.3.1/../../../../arm-none-eabi/lib/thumb/v7e-m+fp/hard\libc_nano.a(lib_a-reent.o)
 .ARM.attributes
                0x000000000000082a       0x34 c:/st/stm32cubeide_1.12.0/stm32cubeide/plugins/com.st.stm32cube.ide.mcu.externaltools.gnu-tools-for-stm32.10.3-2021.10.win32_1.0.200.202301161003/tools/bin/../lib/gcc/arm-none-eabi/10.3.1/../../../../arm-none-eabi/lib/thumb/v7e-m+fp/hard\libc_nano.a(lib_a-nano-msizer.o)
 .ARM.attributes
                0x000000000000085e       0x1e c:/st/stm32cubeide_1.12.0/stm32cubeide/plugins/com.st.stm32cube.ide.mcu.externaltools.gnu-tools-for-stm32.10.3-2021.10.win32_1.0.200.202301161003/tools/bin/../lib/gcc/arm-none-eabi/10.3.1/thumb/v7e-m+fp/hard\libgcc.a(_arm_addsubdf3.o)
 .ARM.attributes
                0x000000000000087c       0x1e c:/st/stm32cubeide_1.12.0/stm32cubeide/plugins/com.st.stm32cube.ide.mcu.externaltools.gnu-tools-for-stm32.10.3-2021.10.win32_1.0.200.202301161003/tools/bin/../lib/gcc/arm-none-eabi/10.3.1/thumb/v7e-m+fp/hard\libgcc.a(_arm_muldivdf3.o)
 .ARM.attributes
                0x000000000000089a       0x1e c:/st/stm32cubeide_1.12.0/stm32cubeide/plugins/com.st.stm32cube.ide.mcu.externaltools.gnu-tools-for-stm32.10.3-2021.10.win32_1.0.200.202301161003/tools/bin/../lib/gcc/arm-none-eabi/10.3.1/thumb/v7e-m+fp/hard\libgcc.a(_arm_fixunsdfsi.o)
 .ARM.attributes
                0x00000000000008b8       0x1e c:/st/stm32cubeide_1.12.0/stm32cubeide/plugins/com.st.stm32cube.ide.mcu.externaltools.gnu-tools-for-stm32.10.3-2021.10.win32_1.0.200.202301161003/tools/bin/../lib/gcc/arm-none-eabi/10.3.1/thumb/v7e-m+fp/hard\libgcc.a(_arm_truncdfsf2.o)
 .ARM.attributes
                0x00000000000008d6       0x1e c:/st/stm32cubeide_1.12.0/stm32cubeide/plugins/com.st.stm32cube.ide.mcu.externaltools.gnu-tools-for-stm32.10.3-2021.10.win32_1.0.200.202301161003/tools/bin/../lib/gcc/arm-none-eabi/10.3.1/thumb/v7e-m+fp/hard\libgcc.a(_aeabi_uldivmod.o)
 .ARM.attributes
                0x00000000000008f4       0x34 c:/st/stm32cubeide_1.12.0/stm32cubeide/plugins/com.st.stm32cube.ide.mcu.externaltools.gnu-tools-for-stm32.10.3-2021.10.win32_1.0.200.202301161003/tools/bin/../lib/gcc/arm-none-eabi/10.3.1/thumb/v7e-m+fp/hard\libgcc.a(_udivmoddi4.o)
 .ARM.attributes
                0x0000000000000928       0x1e c:/st/stm32cubeide_1.12.0/stm32cubeide/plugins/com.st.stm32cube.ide.mcu.externaltools.gnu-tools-for-stm32.10.3-2021.10.win32_1.0.200.202301161003/tools/bin/../lib/gcc/arm-none-eabi/10.3.1/thumb/v7e-m+fp/hard\libgcc.a(_dvmd_tls.o)
 .ARM.attributes
                0x0000000000000946       0x1e c:/st/stm32cubeide_1.12.0/stm32cubeide/plugins/com.st.stm32cube.ide.mcu.externaltools.gnu-tools-for-stm32.10.3-2021.10.win32_1.0.200.202301161003/tools/bin/../lib/gcc/arm-none-eabi/10.3.1/thumb/v7e-m+fp/hard/crtn.o
OUTPUT(lab5.elf elf32-littlearm)
LOAD linker stubs
LOAD c:/st/stm32cubeide_1.12.0/stm32cubeide/plugins/com.st.stm32cube.ide.mcu.externaltools.gnu-tools-for-stm32.10.3-2021.10.win32_1.0.200.202301161003/tools/bin/../lib/gcc/arm-none-eabi/10.3.1/../../../../arm-none-eabi/lib/thumb/v7e-m+fp/hard\libc.a
LOAD c:/st/stm32cubeide_1.12.0/stm32cubeide/plugins/com.st.stm32cube.ide.mcu.externaltools.gnu-tools-for-stm32.10.3-2021.10.win32_1.0.200.202301161003/tools/bin/../lib/gcc/arm-none-eabi/10.3.1/../../../../arm-none-eabi/lib/thumb/v7e-m+fp/hard\libm.a
LOAD c:/st/stm32cubeide_1.12.0/stm32cubeide/plugins/com.st.stm32cube.ide.mcu.externaltools.gnu-tools-for-stm32.10.3-2021.10.win32_1.0.200.202301161003/tools/bin/../lib/gcc/arm-none-eabi/10.3.1/thumb/v7e-m+fp/hard\libgcc.a

.debug_info     0x0000000000000000     0xd0f5
 .debug_info    0x0000000000000000      0x9d6 ./Core/Src/disp1color.o
 .debug_info    0x00000000000009d6      0x269 ./Core/Src/dwt_stm32_delay.o
 .debug_info    0x0000000000000c3f       0xe8 ./Core/Src/f10x16f.o
 .debug_info    0x0000000000000d27       0xe8 ./Core/Src/f6x8m.o
 .debug_info    0x0000000000000e0f      0x191 ./Core/Src/font.o
 .debug_info    0x0000000000000fa0      0x480 ./Core/Src/gpio.o
 .debug_info    0x0000000000001420     0x1502 ./Core/Src/main.o
 .debug_info    0x0000000000002922      0xa0f ./Core/Src/spi.o
 .debug_info    0x0000000000003331      0x2d4 ./Core/Src/stm32f4xx_hal_msp.o
 .debug_info    0x0000000000003605      0x78c ./Core/Src/stm32f4xx_it.o
 .debug_info    0x0000000000003d91      0x171 ./Core/Src/sysmem.o
 .debug_info    0x0000000000003f02      0x54f ./Core/Src/system_stm32f4xx.o
 .debug_info    0x0000000000004451      0xbee ./Core/Src/tim.o
 .debug_info    0x000000000000503f       0x22 ./Core/Startup/startup_stm32f411vetx.o
 .debug_info    0x0000000000005061      0x90e ./Drivers/STM32F4xx_HAL_Driver/Src/stm32f4xx_hal.o
 .debug_info    0x000000000000596f      0xd8b ./Drivers/STM32F4xx_HAL_Driver/Src/stm32f4xx_hal_cortex.o
 .debug_info    0x00000000000066fa      0x78e ./Drivers/STM32F4xx_HAL_Driver/Src/stm32f4xx_hal_gpio.o
 .debug_info    0x0000000000006e88      0x98e ./Drivers/STM32F4xx_HAL_Driver/Src/stm32f4xx_hal_rcc.o
 .debug_info    0x0000000000007816     0x1750 ./Drivers/STM32F4xx_HAL_Driver/Src/stm32f4xx_hal_spi.o
 .debug_info    0x0000000000008f66     0x2bb7 ./Drivers/STM32F4xx_HAL_Driver/Src/stm32f4xx_hal_tim.o
 .debug_info    0x000000000000bb1d     0x15d8 ./Drivers/STM32F4xx_HAL_Driver/Src/stm32f4xx_hal_tim_ex.o

.debug_abbrev   0x0000000000000000     0x22f4
 .debug_abbrev  0x0000000000000000      0x23c ./Core/Src/disp1color.o
 .debug_abbrev  0x000000000000023c       0xa7 ./Core/Src/dwt_stm32_delay.o
 .debug_abbrev  0x00000000000002e3       0x9e ./Core/Src/f10x16f.o
 .debug_abbrev  0x0000000000000381       0x9e ./Core/Src/f6x8m.o
 .debug_abbrev  0x000000000000041f       0xf4 ./Core/Src/font.o
 .debug_abbrev  0x0000000000000513      0x146 ./Core/Src/gpio.o
 .debug_abbrev  0x0000000000000659      0x357 ./Core/Src/main.o
 .debug_abbrev  0x00000000000009b0      0x1e0 ./Core/Src/spi.o
 .debug_abbrev  0x0000000000000b90       0xd4 ./Core/Src/stm32f4xx_hal_msp.o
 .debug_abbrev  0x0000000000000c64      0x1a8 ./Core/Src/stm32f4xx_it.o
 .debug_abbrev  0x0000000000000e0c       0xbb ./Core/Src/sysmem.o
 .debug_abbrev  0x0000000000000ec7      0x116 ./Core/Src/system_stm32f4xx.o
 .debug_abbrev  0x0000000000000fdd      0x1f1 ./Core/Src/tim.o
 .debug_abbrev  0x00000000000011ce       0x12 ./Core/Startup/startup_stm32f411vetx.o
 .debug_abbrev  0x00000000000011e0      0x23e ./Drivers/STM32F4xx_HAL_Driver/Src/stm32f4xx_hal.o
 .debug_abbrev  0x000000000000141e      0x316 ./Drivers/STM32F4xx_HAL_Driver/Src/stm32f4xx_hal_cortex.o
 .debug_abbrev  0x0000000000001734      0x1c4 ./Drivers/STM32F4xx_HAL_Driver/Src/stm32f4xx_hal_gpio.o
 .debug_abbrev  0x00000000000018f8      0x2aa ./Drivers/STM32F4xx_HAL_Driver/Src/stm32f4xx_hal_rcc.o
 .debug_abbrev  0x0000000000001ba2      0x26e ./Drivers/STM32F4xx_HAL_Driver/Src/stm32f4xx_hal_spi.o
 .debug_abbrev  0x0000000000001e10      0x26e ./Drivers/STM32F4xx_HAL_Driver/Src/stm32f4xx_hal_tim.o
 .debug_abbrev  0x000000000000207e      0x276 ./Drivers/STM32F4xx_HAL_Driver/Src/stm32f4xx_hal_tim_ex.o

.debug_aranges  0x0000000000000000      0xcd0
 .debug_aranges
                0x0000000000000000       0x90 ./Core/Src/disp1color.o
 .debug_aranges
                0x0000000000000090       0x20 ./Core/Src/dwt_stm32_delay.o
 .debug_aranges
                0x00000000000000b0       0x20 ./Core/Src/f10x16f.o
 .debug_aranges
                0x00000000000000d0       0x20 ./Core/Src/f6x8m.o
 .debug_aranges
                0x00000000000000f0       0x30 ./Core/Src/font.o
 .debug_aranges
                0x0000000000000120       0x20 ./Core/Src/gpio.o
 .debug_aranges
                0x0000000000000140       0x48 ./Core/Src/main.o
 .debug_aranges
                0x0000000000000188       0x30 ./Core/Src/spi.o
 .debug_aranges
                0x00000000000001b8       0x20 ./Core/Src/stm32f4xx_hal_msp.o
 .debug_aranges
                0x00000000000001d8       0x68 ./Core/Src/stm32f4xx_it.o
 .debug_aranges
                0x0000000000000240       0x20 ./Core/Src/sysmem.o
 .debug_aranges
                0x0000000000000260       0x28 ./Core/Src/system_stm32f4xx.o
 .debug_aranges
                0x0000000000000288       0x30 ./Core/Src/tim.o
 .debug_aranges
                0x00000000000002b8       0x28 ./Core/Startup/startup_stm32f411vetx.o
 .debug_aranges
                0x00000000000002e0       0xf0 ./Drivers/STM32F4xx_HAL_Driver/Src/stm32f4xx_hal.o
 .debug_aranges
                0x00000000000003d0      0x118 ./Drivers/STM32F4xx_HAL_Driver/Src/stm32f4xx_hal_cortex.o
 .debug_aranges
                0x00000000000004e8       0x58 ./Drivers/STM32F4xx_HAL_Driver/Src/stm32f4xx_hal_gpio.o
 .debug_aranges
                0x0000000000000540       0x88 ./Drivers/STM32F4xx_HAL_Driver/Src/stm32f4xx_hal_rcc.o
 .debug_aranges
                0x00000000000005c8      0x1d0 ./Drivers/STM32F4xx_HAL_Driver/Src/stm32f4xx_hal_spi.o
 .debug_aranges
                0x0000000000000798      0x3d0 ./Drivers/STM32F4xx_HAL_Driver/Src/stm32f4xx_hal_tim.o
 .debug_aranges
                0x0000000000000b68      0x168 ./Drivers/STM32F4xx_HAL_Driver/Src/stm32f4xx_hal_tim_ex.o

.debug_ranges   0x0000000000000000      0xb88
 .debug_ranges  0x0000000000000000       0x80 ./Core/Src/disp1color.o
 .debug_ranges  0x0000000000000080       0x10 ./Core/Src/dwt_stm32_delay.o
 .debug_ranges  0x0000000000000090       0x10 ./Core/Src/f10x16f.o
 .debug_ranges  0x00000000000000a0       0x10 ./Core/Src/f6x8m.o
 .debug_ranges  0x00000000000000b0       0x20 ./Core/Src/font.o
 .debug_ranges  0x00000000000000d0       0x10 ./Core/Src/gpio.o
 .debug_ranges  0x00000000000000e0       0x38 ./Core/Src/main.o
 .debug_ranges  0x0000000000000118       0x20 ./Core/Src/spi.o
 .debug_ranges  0x0000000000000138       0x10 ./Core/Src/stm32f4xx_hal_msp.o
 .debug_ranges  0x0000000000000148       0x58 ./Core/Src/stm32f4xx_it.o
 .debug_ranges  0x00000000000001a0       0x10 ./Core/Src/sysmem.o
 .debug_ranges  0x00000000000001b0       0x18 ./Core/Src/system_stm32f4xx.o
 .debug_ranges  0x00000000000001c8       0x20 ./Core/Src/tim.o
 .debug_ranges  0x00000000000001e8       0x20 ./Core/Startup/startup_stm32f411vetx.o
 .debug_ranges  0x0000000000000208       0xe0 ./Drivers/STM32F4xx_HAL_Driver/Src/stm32f4xx_hal.o
 .debug_ranges  0x00000000000002e8      0x108 ./Drivers/STM32F4xx_HAL_Driver/Src/stm32f4xx_hal_cortex.o
 .debug_ranges  0x00000000000003f0       0x48 ./Drivers/STM32F4xx_HAL_Driver/Src/stm32f4xx_hal_gpio.o
 .debug_ranges  0x0000000000000438       0x78 ./Drivers/STM32F4xx_HAL_Driver/Src/stm32f4xx_hal_rcc.o
 .debug_ranges  0x00000000000004b0      0x1c0 ./Drivers/STM32F4xx_HAL_Driver/Src/stm32f4xx_hal_spi.o
 .debug_ranges  0x0000000000000670      0x3c0 ./Drivers/STM32F4xx_HAL_Driver/Src/stm32f4xx_hal_tim.o
 .debug_ranges  0x0000000000000a30      0x158 ./Drivers/STM32F4xx_HAL_Driver/Src/stm32f4xx_hal_tim_ex.o

.debug_macro    0x0000000000000000    0x17ff5
 .debug_macro   0x0000000000000000      0x25d ./Core/Src/disp1color.o
 .debug_macro   0x000000000000025d      0xa78 ./Core/Src/disp1color.o
 .debug_macro   0x0000000000000cd5       0x34 ./Core/Src/disp1color.o
 .debug_macro   0x0000000000000d09       0x22 ./Core/Src/disp1color.o
 .debug_macro   0x0000000000000d2b       0x8e ./Core/Src/disp1color.o
 .debug_macro   0x0000000000000db9       0x51 ./Core/Src/disp1color.o
 .debug_macro   0x0000000000000e0a      0x103 ./Core/Src/disp1color.o
 .debug_macro   0x0000000000000f0d       0x6a ./Core/Src/disp1color.o
 .debug_macro   0x0000000000000f77      0x1df ./Core/Src/disp1color.o
 .debug_macro   0x0000000000001156      0x6ac ./Core/Src/disp1color.o
 .debug_macro   0x0000000000001802       0x52 ./Core/Src/disp1color.o
 .debug_macro   0x0000000000001854       0x1e ./Core/Src/disp1color.o
 .debug_macro   0x0000000000001872       0x3c ./Core/Src/disp1color.o
 .debug_macro   0x00000000000018ae       0x34 ./Core/Src/disp1color.o
 .debug_macro   0x00000000000018e2       0x16 ./Core/Src/disp1color.o
 .debug_macro   0x00000000000018f8       0x97 ./Core/Src/disp1color.o
 .debug_macro   0x000000000000198f      0x341 ./Core/Src/disp1color.o
 .debug_macro   0x0000000000001cd0       0xfd ./Core/Src/disp1color.o
 .debug_macro   0x0000000000001dcd       0x10 ./Core/Src/disp1color.o
 .debug_macro   0x0000000000001ddd       0x16 ./Core/Src/disp1color.o
 .debug_macro   0x0000000000001df3       0x43 ./Core/Src/disp1color.o
 .debug_macro   0x0000000000001e36       0x34 ./Core/Src/disp1color.o
 .debug_macro   0x0000000000001e6a       0x10 ./Core/Src/disp1color.o
 .debug_macro   0x0000000000001e7a       0x58 ./Core/Src/disp1color.o
 .debug_macro   0x0000000000001ed2       0x71 ./Core/Src/disp1color.o
 .debug_macro   0x0000000000001f43       0x1c ./Core/Src/disp1color.o
 .debug_macro   0x0000000000001f5f      0x12a ./Core/Src/disp1color.o
 .debug_macro   0x0000000000002089       0x10 ./Core/Src/disp1color.o
 .debug_macro   0x0000000000002099       0x1c ./Core/Src/disp1color.o
 .debug_macro   0x00000000000020b5       0x52 ./Core/Src/disp1color.o
 .debug_macro   0x0000000000002107       0x22 ./Core/Src/disp1color.o
 .debug_macro   0x0000000000002129       0x10 ./Core/Src/disp1color.o
 .debug_macro   0x0000000000002139       0x52 ./Core/Src/disp1color.o
 .debug_macro   0x000000000000218b       0xd5 ./Core/Src/disp1color.o
 .debug_macro   0x0000000000002260       0x1c ./Core/Src/disp1color.o
 .debug_macro   0x000000000000227c       0x3d ./Core/Src/disp1color.o
 .debug_macro   0x00000000000022b9       0x16 ./Core/Src/disp1color.o
 .debug_macro   0x00000000000022cf      0x145 ./Core/Src/disp1color.o
 .debug_macro   0x0000000000002414       0x16 ./Core/Src/disp1color.o
 .debug_macro   0x000000000000242a       0x35 ./Core/Src/disp1color.o
 .debug_macro   0x000000000000245f       0x16 ./Core/Src/disp1color.o
 .debug_macro   0x0000000000002475       0x29 ./Core/Src/disp1color.o
 .debug_macro   0x000000000000249e       0x4c ./Core/Src/disp1color.o
 .debug_macro   0x00000000000024ea       0x16 ./Core/Src/disp1color.o
 .debug_macro   0x0000000000002500       0x20 ./Core/Src/disp1color.o
 .debug_macro   0x0000000000002520       0x10 ./Core/Src/disp1color.o
 .debug_macro   0x0000000000002530       0x5e ./Core/Src/disp1color.o
 .debug_macro   0x000000000000258e      0x1d8 ./Core/Src/dwt_stm32_delay.o
 .debug_macro   0x0000000000002766      0x29b ./Core/Src/dwt_stm32_delay.o
 .debug_macro   0x0000000000002a01       0x2e ./Core/Src/dwt_stm32_delay.o
 .debug_macro   0x0000000000002a2f       0x28 ./Core/Src/dwt_stm32_delay.o
 .debug_macro   0x0000000000002a57       0x1c ./Core/Src/dwt_stm32_delay.o
 .debug_macro   0x0000000000002a73       0x22 ./Core/Src/dwt_stm32_delay.o
 .debug_macro   0x0000000000002a95       0xd9 ./Core/Src/dwt_stm32_delay.o
 .debug_macro   0x0000000000002b6e     0x102d ./Core/Src/dwt_stm32_delay.o
 .debug_macro   0x0000000000003b9b      0x11f ./Core/Src/dwt_stm32_delay.o
 .debug_macro   0x0000000000003cba     0xb953 ./Core/Src/dwt_stm32_delay.o
 .debug_macro   0x000000000000f60d       0x6d ./Core/Src/dwt_stm32_delay.o
 .debug_macro   0x000000000000f67a     0x3666 ./Core/Src/dwt_stm32_delay.o
 .debug_macro   0x0000000000012ce0      0x174 ./Core/Src/dwt_stm32_delay.o
 .debug_macro   0x0000000000012e54       0x5c ./Core/Src/dwt_stm32_delay.o
 .debug_macro   0x0000000000012eb0      0x447 ./Core/Src/dwt_stm32_delay.o
 .debug_macro   0x00000000000132f7      0x9fe ./Core/Src/dwt_stm32_delay.o
 .debug_macro   0x0000000000013cf5      0x116 ./Core/Src/dwt_stm32_delay.o
 .debug_macro   0x0000000000013e0b      0x11b ./Core/Src/dwt_stm32_delay.o
 .debug_macro   0x0000000000013f26       0xa5 ./Core/Src/dwt_stm32_delay.o
 .debug_macro   0x0000000000013fcb      0x15f ./Core/Src/dwt_stm32_delay.o
 .debug_macro   0x000000000001412a      0x287 ./Core/Src/dwt_stm32_delay.o
 .debug_macro   0x00000000000143b1       0x5f ./Core/Src/dwt_stm32_delay.o
 .debug_macro   0x0000000000014410      0x236 ./Core/Src/dwt_stm32_delay.o
 .debug_macro   0x0000000000014646      0x132 ./Core/Src/dwt_stm32_delay.o
 .debug_macro   0x0000000000014778      0x264 ./Core/Src/dwt_stm32_delay.o
 .debug_macro   0x00000000000149dc       0x2e ./Core/Src/dwt_stm32_delay.o
 .debug_macro   0x0000000000014a0a      0x11a ./Core/Src/dwt_stm32_delay.o
 .debug_macro   0x0000000000014b24       0x85 ./Core/Src/dwt_stm32_delay.o
 .debug_macro   0x0000000000014ba9       0x89 ./Core/Src/dwt_stm32_delay.o
 .debug_macro   0x0000000000014c32      0x225 ./Core/Src/dwt_stm32_delay.o
 .debug_macro   0x0000000000014e57      0x8d1 ./Core/Src/dwt_stm32_delay.o
 .debug_macro   0x0000000000015728       0x47 ./Core/Src/dwt_stm32_delay.o
 .debug_macro   0x000000000001576f      0x126 ./Core/Src/dwt_stm32_delay.o
 .debug_macro   0x0000000000015895       0x7b ./Core/Src/f10x16f.o
 .debug_macro   0x0000000000015910      0x6a6 ./Core/Src/f10x16f.o
 .debug_macro   0x0000000000015fb6       0x1c ./Core/Src/f10x16f.o
 .debug_macro   0x0000000000015fd2       0x7b ./Core/Src/f6x8m.o
 .debug_macro   0x000000000001604d       0x1c ./Core/Src/f6x8m.o
 .debug_macro   0x0000000000016069       0x84 ./Core/Src/font.o
 .debug_macro   0x00000000000160ed      0x1e7 ./Core/Src/gpio.o
 .debug_macro   0x00000000000162d4       0x58 ./Core/Src/gpio.o
 .debug_macro   0x000000000001632c      0x291 ./Core/Src/main.o
 .debug_macro   0x00000000000165bd       0x2e ./Core/Src/main.o
 .debug_macro   0x00000000000165eb       0x34 ./Core/Src/main.o
 .debug_macro   0x000000000001661f      0x1e7 ./Core/Src/spi.o
 .debug_macro   0x0000000000016806      0x1dd ./Core/Src/stm32f4xx_hal_msp.o
 .debug_macro   0x00000000000169e3      0x1e7 ./Core/Src/stm32f4xx_it.o
 .debug_macro   0x0000000000016bca       0xff ./Core/Src/sysmem.o
 .debug_macro   0x0000000000016cc9      0x23b ./Core/Src/sysmem.o
 .debug_macro   0x0000000000016f04      0x1ce ./Core/Src/system_stm32f4xx.o
 .debug_macro   0x00000000000170d2      0x1e7 ./Core/Src/tim.o
 .debug_macro   0x00000000000172b9      0x22e ./Drivers/STM32F4xx_HAL_Driver/Src/stm32f4xx_hal.o
 .debug_macro   0x00000000000174e7      0x1ce ./Drivers/STM32F4xx_HAL_Driver/Src/stm32f4xx_hal_cortex.o
 .debug_macro   0x00000000000176b5      0x1d4 ./Drivers/STM32F4xx_HAL_Driver/Src/stm32f4xx_hal_gpio.o
 .debug_macro   0x0000000000017889      0x1f2 ./Drivers/STM32F4xx_HAL_Driver/Src/stm32f4xx_hal_rcc.o
 .debug_macro   0x0000000000017a7b      0x1dd ./Drivers/STM32F4xx_HAL_Driver/Src/stm32f4xx_hal_spi.o
 .debug_macro   0x0000000000017c58      0x1cf ./Drivers/STM32F4xx_HAL_Driver/Src/stm32f4xx_hal_tim.o
 .debug_macro   0x0000000000017e27      0x1ce ./Drivers/STM32F4xx_HAL_Driver/Src/stm32f4xx_hal_tim_ex.o

.debug_line     0x0000000000000000     0xf250
 .debug_line    0x0000000000000000      0xbc0 ./Core/Src/disp1color.o
 .debug_line    0x0000000000000bc0      0x6e8 ./Core/Src/dwt_stm32_delay.o
 .debug_line    0x00000000000012a8      0x3b0 ./Core/Src/f10x16f.o
 .debug_line    0x0000000000001658      0x3ac ./Core/Src/f6x8m.o
 .debug_line    0x0000000000001a04      0x3e8 ./Core/Src/font.o
 .debug_line    0x0000000000001dec      0x6e9 ./Core/Src/gpio.o
 .debug_line    0x00000000000024d5      0xbf0 ./Core/Src/main.o
 .debug_line    0x00000000000030c5      0x734 ./Core/Src/spi.o
 .debug_line    0x00000000000037f9      0x6c3 ./Core/Src/stm32f4xx_hal_msp.o
 .debug_line    0x0000000000003ebc      0x7a0 ./Core/Src/stm32f4xx_it.o
 .debug_line    0x000000000000465c      0x4f4 ./Core/Src/sysmem.o
 .debug_line    0x0000000000004b50      0x744 ./Core/Src/system_stm32f4xx.o
 .debug_line    0x0000000000005294      0x731 ./Core/Src/tim.o
 .debug_line    0x00000000000059c5       0x88 ./Core/Startup/startup_stm32f411vetx.o
 .debug_line    0x0000000000005a4d      0x9aa ./Drivers/STM32F4xx_HAL_Driver/Src/stm32f4xx_hal.o
 .debug_line    0x00000000000063f7      0xc59 ./Drivers/STM32F4xx_HAL_Driver/Src/stm32f4xx_hal_cortex.o
 .debug_line    0x0000000000007050      0xae4 ./Drivers/STM32F4xx_HAL_Driver/Src/stm32f4xx_hal_gpio.o
 .debug_line    0x0000000000007b34      0xd24 ./Drivers/STM32F4xx_HAL_Driver/Src/stm32f4xx_hal_rcc.o
 .debug_line    0x0000000000008858     0x1c32 ./Drivers/STM32F4xx_HAL_Driver/Src/stm32f4xx_hal_spi.o
 .debug_line    0x000000000000a48a     0x3484 ./Drivers/STM32F4xx_HAL_Driver/Src/stm32f4xx_hal_tim.o
 .debug_line    0x000000000000d90e     0x1942 ./Drivers/STM32F4xx_HAL_Driver/Src/stm32f4xx_hal_tim_ex.o

.debug_str      0x0000000000000000    0x8eee3
 .debug_str     0x0000000000000000     0x9082 ./Core/Src/disp1color.o
                                       0x9319 (size before relaxing)
 .debug_str     0x0000000000009082    0x81ffb ./Core/Src/dwt_stm32_delay.o
                                      0x85fcc (size before relaxing)
 .debug_str     0x000000000008b07d       0x87 ./Core/Src/f10x16f.o
                                       0x4aa2 (size before relaxing)
 .debug_str     0x000000000008b104       0x75 ./Core/Src/f6x8m.o
                                       0x4a90 (size before relaxing)
 .debug_str     0x000000000008b179       0x33 ./Core/Src/font.o
                                       0x4b50 (size before relaxing)
 .debug_str     0x000000000008b1ac      0x2ff ./Core/Src/gpio.o
                                      0x861ea (size before relaxing)
 .debug_str     0x000000000008b4ab      0x957 ./Core/Src/main.o
                                      0x8949f (size before relaxing)
 .debug_str     0x000000000008be02       0x5b ./Core/Src/spi.o
                                      0x86676 (size before relaxing)
 .debug_str     0x000000000008be5d       0x2c ./Core/Src/stm32f4xx_hal_msp.o
                                      0x8611f (size before relaxing)
 .debug_str     0x000000000008be89       0xf5 ./Core/Src/stm32f4xx_it.o
                                      0x86625 (size before relaxing)
 .debug_str     0x000000000008bf7e      0x4da ./Core/Src/sysmem.o
                                       0x5dc0 (size before relaxing)
 .debug_str     0x000000000008c458       0xdb ./Core/Src/system_stm32f4xx.o
                                      0x860aa (size before relaxing)
 .debug_str     0x000000000008c533      0x50e ./Core/Src/tim.o
                                      0x86b9c (size before relaxing)
 .debug_str     0x000000000008ca41       0x55 ./Core/Startup/startup_stm32f411vetx.o
 .debug_str     0x000000000008ca96      0x608 ./Drivers/STM32F4xx_HAL_Driver/Src/stm32f4xx_hal.o
                                      0x86ad6 (size before relaxing)
 .debug_str     0x000000000008d09e      0x32d ./Drivers/STM32F4xx_HAL_Driver/Src/stm32f4xx_hal_cortex.o
                                      0x867f7 (size before relaxing)
 .debug_str     0x000000000008d3cb      0x110 ./Drivers/STM32F4xx_HAL_Driver/Src/stm32f4xx_hal_gpio.o
                                      0x86225 (size before relaxing)
 .debug_str     0x000000000008d4db      0x21f ./Drivers/STM32F4xx_HAL_Driver/Src/stm32f4xx_hal_rcc.o
                                      0x864de (size before relaxing)
 .debug_str     0x000000000008d6fa      0x58b ./Drivers/STM32F4xx_HAL_Driver/Src/stm32f4xx_hal_spi.o
                                      0x8695c (size before relaxing)
 .debug_str     0x000000000008dc85      0xdcb ./Drivers/STM32F4xx_HAL_Driver/Src/stm32f4xx_hal_tim.o
                                      0x87412 (size before relaxing)
 .debug_str     0x000000000008ea50      0x493 ./Drivers/STM32F4xx_HAL_Driver/Src/stm32f4xx_hal_tim_ex.o
                                      0x86c2e (size before relaxing)

.comment        0x0000000000000000       0x50
 .comment       0x0000000000000000       0x50 ./Core/Src/disp1color.o
                                         0x51 (size before relaxing)
 .comment       0x0000000000000050       0x51 ./Core/Src/dwt_stm32_delay.o
 .comment       0x0000000000000050       0x51 ./Core/Src/f10x16f.o
 .comment       0x0000000000000050       0x51 ./Core/Src/f6x8m.o
 .comment       0x0000000000000050       0x51 ./Core/Src/font.o
 .comment       0x0000000000000050       0x51 ./Core/Src/gpio.o
 .comment       0x0000000000000050       0x51 ./Core/Src/main.o
 .comment       0x0000000000000050       0x51 ./Core/Src/spi.o
 .comment       0x0000000000000050       0x51 ./Core/Src/stm32f4xx_hal_msp.o
 .comment       0x0000000000000050       0x51 ./Core/Src/stm32f4xx_it.o
 .comment       0x0000000000000050       0x51 ./Core/Src/sysmem.o
 .comment       0x0000000000000050       0x51 ./Core/Src/system_stm32f4xx.o
 .comment       0x0000000000000050       0x51 ./Core/Src/tim.o
 .comment       0x0000000000000050       0x51 ./Drivers/STM32F4xx_HAL_Driver/Src/stm32f4xx_hal.o
 .comment       0x0000000000000050       0x51 ./Drivers/STM32F4xx_HAL_Driver/Src/stm32f4xx_hal_cortex.o
 .comment       0x0000000000000050       0x51 ./Drivers/STM32F4xx_HAL_Driver/Src/stm32f4xx_hal_gpio.o
 .comment       0x0000000000000050       0x51 ./Drivers/STM32F4xx_HAL_Driver/Src/stm32f4xx_hal_rcc.o
 .comment       0x0000000000000050       0x51 ./Drivers/STM32F4xx_HAL_Driver/Src/stm32f4xx_hal_spi.o
 .comment       0x0000000000000050       0x51 ./Drivers/STM32F4xx_HAL_Driver/Src/stm32f4xx_hal_tim.o
 .comment       0x0000000000000050       0x51 ./Drivers/STM32F4xx_HAL_Driver/Src/stm32f4xx_hal_tim_ex.o

.debug_frame    0x0000000000000000     0x39e8
 .debug_frame   0x0000000000000000      0x250 ./Core/Src/disp1color.o
 .debug_frame   0x0000000000000250       0x30 ./Core/Src/dwt_stm32_delay.o
 .debug_frame   0x0000000000000280       0x38 ./Core/Src/f10x16f.o
 .debug_frame   0x00000000000002b8       0x38 ./Core/Src/f6x8m.o
 .debug_frame   0x00000000000002f0       0x84 ./Core/Src/font.o
 .debug_frame   0x0000000000000374       0x34 ./Core/Src/gpio.o
 .debug_frame   0x00000000000003a8       0xd8 ./Core/Src/main.o
 .debug_frame   0x0000000000000480       0x74 ./Core/Src/spi.o
 .debug_frame   0x00000000000004f4       0x38 ./Core/Src/stm32f4xx_hal_msp.o
 .debug_frame   0x000000000000052c      0x120 ./Core/Src/stm32f4xx_it.o
 .debug_frame   0x000000000000064c       0x34 ./Core/Src/sysmem.o
 .debug_frame   0x0000000000000680       0x58 ./Core/Src/system_stm32f4xx.o
 .debug_frame   0x00000000000006d8       0x7c ./Core/Src/tim.o
 .debug_frame   0x0000000000000754      0x374 ./Drivers/STM32F4xx_HAL_Driver/Src/stm32f4xx_hal.o
 .debug_frame   0x0000000000000ac8      0x498 ./Drivers/STM32F4xx_HAL_Driver/Src/stm32f4xx_hal_cortex.o
 .debug_frame   0x0000000000000f60      0x14c ./Drivers/STM32F4xx_HAL_Driver/Src/stm32f4xx_hal_gpio.o
 .debug_frame   0x00000000000010ac      0x1f4 ./Drivers/STM32F4xx_HAL_Driver/Src/stm32f4xx_hal_rcc.o
 .debug_frame   0x00000000000012a0      0x824 ./Drivers/STM32F4xx_HAL_Driver/Src/stm32f4xx_hal_spi.o
 .debug_frame   0x0000000000001ac4     0x11bc ./Drivers/STM32F4xx_HAL_Driver/Src/stm32f4xx_hal_tim.o
 .debug_frame   0x0000000000002c80      0x638 ./Drivers/STM32F4xx_HAL_Driver/Src/stm32f4xx_hal_tim_ex.o
 .debug_frame   0x00000000000032b8       0x20 c:/st/stm32cubeide_1.12.0/stm32cubeide/plugins/com.st.stm32cube.ide.mcu.externaltools.gnu-tools-for-stm32.10.3-2021.10.win32_1.0.200.202301161003/tools/bin/../lib/gcc/arm-none-eabi/10.3.1/../../../../arm-none-eabi/lib/thumb/v7e-m+fp/hard\libc_nano.a(lib_a-errno.o)
 .debug_frame   0x00000000000032d8       0x2c c:/st/stm32cubeide_1.12.0/stm32cubeide/plugins/com.st.stm32cube.ide.mcu.externaltools.gnu-tools-for-stm32.10.3-2021.10.win32_1.0.200.202301161003/tools/bin/../lib/gcc/arm-none-eabi/10.3.1/../../../../arm-none-eabi/lib/thumb/v7e-m+fp/hard\libc_nano.a(lib_a-init.o)
 .debug_frame   0x0000000000003304       0x28 c:/st/stm32cubeide_1.12.0/stm32cubeide/plugins/com.st.stm32cube.ide.mcu.externaltools.gnu-tools-for-stm32.10.3-2021.10.win32_1.0.200.202301161003/tools/bin/../lib/gcc/arm-none-eabi/10.3.1/../../../../arm-none-eabi/lib/thumb/v7e-m+fp/hard\libc_nano.a(lib_a-memcpy-stub.o)
 .debug_frame   0x000000000000332c       0x20 c:/st/stm32cubeide_1.12.0/stm32cubeide/plugins/com.st.stm32cube.ide.mcu.externaltools.gnu-tools-for-stm32.10.3-2021.10.win32_1.0.200.202301161003/tools/bin/../lib/gcc/arm-none-eabi/10.3.1/../../../../arm-none-eabi/lib/thumb/v7e-m+fp/hard\libc_nano.a(lib_a-memset.o)
 .debug_frame   0x000000000000334c       0x4c c:/st/stm32cubeide_1.12.0/stm32cubeide/plugins/com.st.stm32cube.ide.mcu.externaltools.gnu-tools-for-stm32.10.3-2021.10.win32_1.0.200.202301161003/tools/bin/../lib/gcc/arm-none-eabi/10.3.1/../../../../arm-none-eabi/lib/thumb/v7e-m+fp/hard\libc_nano.a(lib_a-vsnprintf.o)
 .debug_frame   0x0000000000003398      0x14c c:/st/stm32cubeide_1.12.0/stm32cubeide/plugins/com.st.stm32cube.ide.mcu.externaltools.gnu-tools-for-stm32.10.3-2021.10.win32_1.0.200.202301161003/tools/bin/../lib/gcc/arm-none-eabi/10.3.1/../../../../arm-none-eabi/lib/thumb/v7e-m+fp/hard\libc_nano.a(lib_a-findfp.o)
 .debug_frame   0x00000000000034e4       0xb0 c:/st/stm32cubeide_1.12.0/stm32cubeide/plugins/com.st.stm32cube.ide.mcu.externaltools.gnu-tools-for-stm32.10.3-2021.10.win32_1.0.200.202301161003/tools/bin/../lib/gcc/arm-none-eabi/10.3.1/../../../../arm-none-eabi/lib/thumb/v7e-m+fp/hard\libc_nano.a(lib_a-lock.o)
 .debug_frame   0x0000000000003594       0x4c c:/st/stm32cubeide_1.12.0/stm32cubeide/plugins/com.st.stm32cube.ide.mcu.externaltools.gnu-tools-for-stm32.10.3-2021.10.win32_1.0.200.202301161003/tools/bin/../lib/gcc/arm-none-eabi/10.3.1/../../../../arm-none-eabi/lib/thumb/v7e-m+fp/hard\libc_nano.a(lib_a-nano-mallocr.o)
 .debug_frame   0x00000000000035e0       0x90 c:/st/stm32cubeide_1.12.0/stm32cubeide/plugins/com.st.stm32cube.ide.mcu.externaltools.gnu-tools-for-stm32.10.3-2021.10.win32_1.0.200.202301161003/tools/bin/../lib/gcc/arm-none-eabi/10.3.1/../../../../arm-none-eabi/lib/thumb/v7e-m+fp/hard\libc_nano.a(lib_a-nano-svfprintf.o)
 .debug_frame   0x0000000000003670       0x60 c:/st/stm32cubeide_1.12.0/stm32cubeide/plugins/com.st.stm32cube.ide.mcu.externaltools.gnu-tools-for-stm32.10.3-2021.10.win32_1.0.200.202301161003/tools/bin/../lib/gcc/arm-none-eabi/10.3.1/../../../../arm-none-eabi/lib/thumb/v7e-m+fp/hard\libc_nano.a(lib_a-nano-vfprintf_i.o)